19:44:36 **** Build of configuration Debug for project practica2 ****
make -r -j3 all 
Building file: /Users/Roberto/mcuxpresso/SDKPackages/SDK_2/devices/MK64F12/mcuxpresso/startup_mk64f12.c
Building file: ../source/GPIO.c
Building file: ../source/GlobalFunctions.c
Invoking: MCU C Compiler
arm-none-eabi-gcc -DCR_INTEGER_PRINTF -DSDK_DEBUGCONSOLE=0 -D__MCUXPRESSO -D__USE_CMSIS -DDEBUG -DSDK_OS_BAREMETAL -DFSL_RTOS_BM -DCPU_MK64FN1M0VLL12 -DCPU_MK64FN1M0VLL12_cm4 -D__REDLIB__ -I"/Sistemas_Embebidos/Practica2/practica2/source" -I"/Sistemas_Embebidos/Practica2/practica2" -I"/Sistemas_Embebidos/Practica2/practica2/startup" -I"/Sistemas_Embebidos/Practica2/practica2/CMSIS" -I/Users/Roberto/mcuxpresso/SDKPackages/SDK_2/CMSIS/Include -I/Users/Roberto/mcuxpresso/SDKPackages/SDK_2/CMSIS -I/Users/Roberto/mcuxpresso/SDKPackages/SDK_2/devices/MK64F12 -I/Users/Roberto/mcuxpresso/SDKPackages/SDK_2/devices -O0 -fno-common -g3 -Wall -c -fmessage-length=0 -fno-builtin -ffunction-sections -fdata-sections -mcpu=cortex-m4 -mfpu=fpv4-sp-d16 -mfloat-abi=hard -mthumb -D__REDLIB__ -specs=redlib.specs -MMD -MP -MF"source/GPIO.d" -MT"source/GPIO.o" -MT"source/GPIO.d" -o "source/GPIO.o" "../source/GPIO.c"
Invoking: MCU C Compiler
arm-none-eabi-gcc -DCR_INTEGER_PRINTF -DSDK_DEBUGCONSOLE=0 -D__MCUXPRESSO -D__USE_CMSIS -DDEBUG -DSDK_OS_BAREMETAL -DFSL_RTOS_BM -DCPU_MK64FN1M0VLL12 -DCPU_MK64FN1M0VLL12_cm4 -D__REDLIB__ -I"/Sistemas_Embebidos/Practica2/practica2/source" -I"/Sistemas_Embebidos/Practica2/practica2" -I"/Sistemas_Embebidos/Practica2/practica2/startup" -I"/Sistemas_Embebidos/Practica2/practica2/CMSIS" -I/Users/Roberto/mcuxpresso/SDKPackages/SDK_2/CMSIS/Include -I/Users/Roberto/mcuxpresso/SDKPackages/SDK_2/CMSIS -I/Users/Roberto/mcuxpresso/SDKPackages/SDK_2/devices/MK64F12 -I/Users/Roberto/mcuxpresso/SDKPackages/SDK_2/devices -O0 -fno-common -g3 -Wall -c -fmessage-length=0 -fno-builtin -ffunction-sections -fdata-sections -mcpu=cortex-m4 -mfpu=fpv4-sp-d16 -mfloat-abi=hard -mthumb -D__REDLIB__ -specs=redlib.specs -MMD -MP -MF"source/GlobalFunctions.d" -MT"source/GlobalFunctions.o" -MT"source/GlobalFunctions.d" -o "source/GlobalFunctions.o" "../source/GlobalFunctions.c"
Invoking: MCU C Compiler
arm-none-eabi-gcc -DCR_INTEGER_PRINTF -DSDK_DEBUGCONSOLE=0 -D__MCUXPRESSO -D__USE_CMSIS -DDEBUG -DSDK_OS_BAREMETAL -DFSL_RTOS_BM -DCPU_MK64FN1M0VLL12 -DCPU_MK64FN1M0VLL12_cm4 -D__REDLIB__ -I"/Sistemas_Embebidos/Practica2/practica2/source" -I"/Sistemas_Embebidos/Practica2/practica2" -I"/Sistemas_Embebidos/Practica2/practica2/startup" -I"/Sistemas_Embebidos/Practica2/practica2/CMSIS" -I/Users/Roberto/mcuxpresso/SDKPackages/SDK_2/CMSIS/Include -I/Users/Roberto/mcuxpresso/SDKPackages/SDK_2/CMSIS -I/Users/Roberto/mcuxpresso/SDKPackages/SDK_2/devices/MK64F12 -I/Users/Roberto/mcuxpresso/SDKPackages/SDK_2/devices -O0 -fno-common -g3 -Wall -c -fmessage-length=0 -fno-builtin -ffunction-sections -fdata-sections -mcpu=cortex-m4 -mfpu=fpv4-sp-d16 -mfloat-abi=hard -mthumb -D__REDLIB__ -specs=redlib.specs -MMD -MP -MF"startup/startup_mk64f12.d" -MT"startup/startup_mk64f12.o" -MT"startup/startup_mk64f12.d" -o "startup/startup_mk64f12.o" "/Users/Roberto/mcuxpresso/SDKPackages/SDK_2/devices/MK64F12/mcuxpresso/startup_mk64f12.c"
Finished building: ../source/GlobalFunctions.c
 
Building file: ../source/LCDFunctions.c
Invoking: MCU C Compiler
arm-none-eabi-gcc -DCR_INTEGER_PRINTF -DSDK_DEBUGCONSOLE=0 -D__MCUXPRESSO -D__USE_CMSIS -DDEBUG -DSDK_OS_BAREMETAL -DFSL_RTOS_BM -DCPU_MK64FN1M0VLL12 -DCPU_MK64FN1M0VLL12_cm4 -D__REDLIB__ -I"/Sistemas_Embebidos/Practica2/practica2/source" -I"/Sistemas_Embebidos/Practica2/practica2" -I"/Sistemas_Embebidos/Practica2/practica2/startup" -I"/Sistemas_Embebidos/Practica2/practica2/CMSIS" -I/Users/Roberto/mcuxpresso/SDKPackages/SDK_2/CMSIS/Include -I/Users/Roberto/mcuxpresso/SDKPackages/SDK_2/CMSIS -I/Users/Roberto/mcuxpresso/SDKPackages/SDK_2/devices/MK64F12 -I/Users/Roberto/mcuxpresso/SDKPackages/SDK_2/devices -O0 -fno-common -g3 -Wall -c -fmessage-length=0 -fno-builtin -ffunction-sections -fdata-sections -mcpu=cortex-m4 -mfpu=fpv4-sp-d16 -mfloat-abi=hard -mthumb -D__REDLIB__ -specs=redlib.specs -MMD -MP -MF"source/LCDFunctions.d" -MT"source/LCDFunctions.o" -MT"source/LCDFunctions.d" -o "source/LCDFunctions.o" "../source/LCDFunctions.c"
Finished building: ../source/GPIO.c
 
Building file: ../source/LCDNokia5110.c
In file included from ../source/LCDFunctions.c:8:0:
../source/LCDFunctions.h:12:18: fatal error: NVIC.h: No such file or directory
compilation terminated.
make: *** [source/LCDFunctions.o] Error 1
make: *** Waiting for unfinished jobs....
Invoking: MCU C Compiler
arm-none-eabi-gcc -DCR_INTEGER_PRINTF -DSDK_DEBUGCONSOLE=0 -D__MCUXPRESSO -D__USE_CMSIS -DDEBUG -DSDK_OS_BAREMETAL -DFSL_RTOS_BM -DCPU_MK64FN1M0VLL12 -DCPU_MK64FN1M0VLL12_cm4 -D__REDLIB__ -I"/Sistemas_Embebidos/Practica2/practica2/source" -I"/Sistemas_Embebidos/Practica2/practica2" -I"/Sistemas_Embebidos/Practica2/practica2/startup" -I"/Sistemas_Embebidos/Practica2/practica2/CMSIS" -I/Users/Roberto/mcuxpresso/SDKPackages/SDK_2/CMSIS/Include -I/Users/Roberto/mcuxpresso/SDKPackages/SDK_2/CMSIS -I/Users/Roberto/mcuxpresso/SDKPackages/SDK_2/devices/MK64F12 -I/Users/Roberto/mcuxpresso/SDKPackages/SDK_2/devices -O0 -fno-common -g3 -Wall -c -fmessage-length=0 -fno-builtin -ffunction-sections -fdata-sections -mcpu=cortex-m4 -mfpu=fpv4-sp-d16 -mfloat-abi=hard -mthumb -D__REDLIB__ -specs=redlib.specs -MMD -MP -MF"source/LCDNokia5110.d" -MT"source/LCDNokia5110.o" -MT"source/LCDNokia5110.d" -o "source/LCDNokia5110.o" "../source/LCDNokia5110.c"
In file included from ../source/LCDNokia5110.c:9:0:
../source/SPI.h:111:13: warning: 'SPI_enable' declared 'static' but never defined [-Wunused-function]
 static void SPI_enable(SPI_ChannelType);
             ^
../source/SPI.h:113:13: warning: 'SPI_clk' declared 'static' but never defined [-Wunused-function]
 static void SPI_clk(SPI_ChannelType);
             ^
../source/SPI.h:115:13: warning: 'SPI_setMaster' declared 'static' but never defined [-Wunused-function]
 static void SPI_setMaster(SPI_ChannelType channel, SPI_MasterType masterOrSlave);
             ^
../source/SPI.h:117:13: warning: 'SPI_fIFO' declared 'static' but never defined [-Wunused-function]
 static void SPI_fIFO(SPI_ChannelType channel, SPI_EnableFIFOType enableOrDisable);
             ^
../source/SPI.h:119:13: warning: 'SPI_clockPolarity' declared 'static' but never defined [-Wunused-function]
 static void SPI_clockPolarity(SPI_ChannelType channel, SPI_PolarityType cpol);
             ^
../source/SPI.h:121:13: warning: 'SPI_frameSize' declared 'static' but never defined [-Wunused-function]
 static void SPI_frameSize(SPI_ChannelType channel, uint32 frameSize);
             ^
Finished building: /Users/Roberto/mcuxpresso/SDKPackages/SDK_2/devices/MK64F12/mcuxpresso/startup_mk64f12.c
../source/SPI.h:123:13: warning: 'SPI_clockPhase' declared 'static' but never defined [-Wunused-function]
 static void SPI_clockPhase(SPI_ChannelType channel, SPI_PhaseType cpha);
 
             ^
../source/SPI.h:125:13: warning: 'SPI_baudRate' declared 'static' but never defined [-Wunused-function]
 static void SPI_baudRate(SPI_ChannelType channel, uint32 baudRate);
             ^
../source/SPI.h:127:13: warning: 'SPI_mSBFirst' declared 'static' but never defined [-Wunused-function]
 static void SPI_mSBFirst(SPI_ChannelType channel, SPI_LSMorMSBType msb);
             ^
Finished building: ../source/LCDNokia5110.c
 
19:45:03 **** Incremental Build of configuration Debug for project practica2 ****
make -r -j3 all 
Building file: ../source/LCDFunctions.c
Building file: ../source/LCDNokia5110Images.c
Building file: ../source/NVIC.c
Invoking: MCU C Compiler
Invoking: MCU C Compiler
arm-none-eabi-gcc -DCR_INTEGER_PRINTF -DSDK_DEBUGCONSOLE=0 -D__MCUXPRESSO -D__USE_CMSIS -DDEBUG -DSDK_OS_BAREMETAL -DFSL_RTOS_BM -DCPU_MK64FN1M0VLL12 -DCPU_MK64FN1M0VLL12_cm4 -D__REDLIB__ -I"/Sistemas_Embebidos/Practica2/practica2/source" -I"/Sistemas_Embebidos/Practica2/practica2" -I"/Sistemas_Embebidos/Practica2/practica2/startup" -I"/Sistemas_Embebidos/Practica2/practica2/CMSIS" -I/Users/Roberto/mcuxpresso/SDKPackages/SDK_2/CMSIS/Include -I/Users/Roberto/mcuxpresso/SDKPackages/SDK_2/CMSIS -I/Users/Roberto/mcuxpresso/SDKPackages/SDK_2/devices/MK64F12 -I/Users/Roberto/mcuxpresso/SDKPackages/SDK_2/devices -O0 -fno-common -g3 -Wall -c -fmessage-length=0 -fno-builtin -ffunction-sections -fdata-sections -mcpu=cortex-m4 -mfpu=fpv4-sp-d16 -mfloat-abi=hard -mthumb -D__REDLIB__ -specs=redlib.specs -MMD -MP -MF"source/NVIC.d" -MT"source/NVIC.o" -MT"source/NVIC.d" -o "source/NVIC.o" "../source/NVIC.c"
Invoking: MCU C Compiler
arm-none-eabi-gcc -DCR_INTEGER_PRINTF -DSDK_DEBUGCONSOLE=0 -D__MCUXPRESSO -D__USE_CMSIS -DDEBUG -DSDK_OS_BAREMETAL -DFSL_RTOS_BM -DCPU_MK64FN1M0VLL12 -DCPU_MK64FN1M0VLL12_cm4 -D__REDLIB__ -I"/Sistemas_Embebidos/Practica2/practica2/source" -I"/Sistemas_Embebidos/Practica2/practica2" -I"/Sistemas_Embebidos/Practica2/practica2/startup" -I"/Sistemas_Embebidos/Practica2/practica2/CMSIS" -I/Users/Roberto/mcuxpresso/SDKPackages/SDK_2/CMSIS/Include -I/Users/Roberto/mcuxpresso/SDKPackages/SDK_2/CMSIS -I/Users/Roberto/mcuxpresso/SDKPackages/SDK_2/devices/MK64F12 -I/Users/Roberto/mcuxpresso/SDKPackages/SDK_2/devices -O0 -fno-common -g3 -Wall -c -fmessage-length=0 -fno-builtin -ffunction-sections -fdata-sections -mcpu=cortex-m4 -mfpu=fpv4-sp-d16 -mfloat-abi=hard -mthumb -D__REDLIB__ -specs=redlib.specs -MMD -MP -MF"source/LCDNokia5110Images.d" -MT"source/LCDNokia5110Images.o" -MT"source/LCDNokia5110Images.d" -o "source/LCDNokia5110Images.o" "../source/LCDNokia5110Images.c"
arm-none-eabi-gcc -DCR_INTEGER_PRINTF -DSDK_DEBUGCONSOLE=0 -D__MCUXPRESSO -D__USE_CMSIS -DDEBUG -DSDK_OS_BAREMETAL -DFSL_RTOS_BM -DCPU_MK64FN1M0VLL12 -DCPU_MK64FN1M0VLL12_cm4 -D__REDLIB__ -I"/Sistemas_Embebidos/Practica2/practica2/source" -I"/Sistemas_Embebidos/Practica2/practica2" -I"/Sistemas_Embebidos/Practica2/practica2/startup" -I"/Sistemas_Embebidos/Practica2/practica2/CMSIS" -I/Users/Roberto/mcuxpresso/SDKPackages/SDK_2/CMSIS/Include -I/Users/Roberto/mcuxpresso/SDKPackages/SDK_2/CMSIS -I/Users/Roberto/mcuxpresso/SDKPackages/SDK_2/devices/MK64F12 -I/Users/Roberto/mcuxpresso/SDKPackages/SDK_2/devices -O0 -fno-common -g3 -Wall -c -fmessage-length=0 -fno-builtin -ffunction-sections -fdata-sections -mcpu=cortex-m4 -mfpu=fpv4-sp-d16 -mfloat-abi=hard -mthumb -D__REDLIB__ -specs=redlib.specs -MMD -MP -MF"source/LCDFunctions.d" -MT"source/LCDFunctions.o" -MT"source/LCDFunctions.d" -o "source/LCDFunctions.o" "../source/LCDFunctions.c"
Finished building: ../source/LCDNokia5110Images.c
 
Building file: ../source/SPI.c
Invoking: MCU C Compiler
arm-none-eabi-gcc -DCR_INTEGER_PRINTF -DSDK_DEBUGCONSOLE=0 -D__MCUXPRESSO -D__USE_CMSIS -DDEBUG -DSDK_OS_BAREMETAL -DFSL_RTOS_BM -DCPU_MK64FN1M0VLL12 -DCPU_MK64FN1M0VLL12_cm4 -D__REDLIB__ -I"/Sistemas_Embebidos/Practica2/practica2/source" -I"/Sistemas_Embebidos/Practica2/practica2" -I"/Sistemas_Embebidos/Practica2/practica2/startup" -I"/Sistemas_Embebidos/Practica2/practica2/CMSIS" -I/Users/Roberto/mcuxpresso/SDKPackages/SDK_2/CMSIS/Include -I/Users/Roberto/mcuxpresso/SDKPackages/SDK_2/CMSIS -I/Users/Roberto/mcuxpresso/SDKPackages/SDK_2/devices/MK64F12 -I/Users/Roberto/mcuxpresso/SDKPackages/SDK_2/devices -O0 -fno-common -g3 -Wall -c -fmessage-length=0 -fno-builtin -ffunction-sections -fdata-sections -mcpu=cortex-m4 -mfpu=fpv4-sp-d16 -mfloat-abi=hard -mthumb -D__REDLIB__ -specs=redlib.specs -MMD -MP -MF"source/SPI.d" -MT"source/SPI.o" -MT"source/SPI.d" -o "source/SPI.o" "../source/SPI.c"
Finished building: ../source/LCDFunctions.c
 
Building file: ../source/main.c
Invoking: MCU C Compiler
arm-none-eabi-gcc -DCR_INTEGER_PRINTF -DSDK_DEBUGCONSOLE=0 -D__MCUXPRESSO -D__USE_CMSIS -DDEBUG -DSDK_OS_BAREMETAL -DFSL_RTOS_BM -DCPU_MK64FN1M0VLL12 -DCPU_MK64FN1M0VLL12_cm4 -D__REDLIB__ -I"/Sistemas_Embebidos/Practica2/practica2/source" -I"/Sistemas_Embebidos/Practica2/practica2" -I"/Sistemas_Embebidos/Practica2/practica2/startup" -I"/Sistemas_Embebidos/Practica2/practica2/CMSIS" -I/Users/Roberto/mcuxpresso/SDKPackages/SDK_2/CMSIS/Include -I/Users/Roberto/mcuxpresso/SDKPackages/SDK_2/CMSIS -I/Users/Roberto/mcuxpresso/SDKPackages/SDK_2/devices/MK64F12 -I/Users/Roberto/mcuxpresso/SDKPackages/SDK_2/devices -O0 -fno-common -g3 -Wall -c -fmessage-length=0 -fno-builtin -ffunction-sections -fdata-sections -mcpu=cortex-m4 -mfpu=fpv4-sp-d16 -mfloat-abi=hard -mthumb -D__REDLIB__ -specs=redlib.specs -MMD -MP -MF"source/main.d" -MT"source/main.o" -MT"source/main.d" -o "source/main.o" "../source/main.c"
Finished building: ../source/SPI.c
 
Building file: /Users/Roberto/mcuxpresso/SDKPackages/SDK_2/devices/MK64F12/system_MK64F12.c
Invoking: MCU C Compiler
arm-none-eabi-gcc -DCR_INTEGER_PRINTF -DSDK_DEBUGCONSOLE=0 -D__MCUXPRESSO -D__USE_CMSIS -DDEBUG -DSDK_OS_BAREMETAL -DFSL_RTOS_BM -DCPU_MK64FN1M0VLL12 -DCPU_MK64FN1M0VLL12_cm4 -D__REDLIB__ -I"/Sistemas_Embebidos/Practica2/practica2/source" -I"/Sistemas_Embebidos/Practica2/practica2" -I"/Sistemas_Embebidos/Practica2/practica2/startup" -I"/Sistemas_Embebidos/Practica2/practica2/CMSIS" -I/Users/Roberto/mcuxpresso/SDKPackages/SDK_2/CMSIS/Include -I/Users/Roberto/mcuxpresso/SDKPackages/SDK_2/CMSIS -I/Users/Roberto/mcuxpresso/SDKPackages/SDK_2/devices/MK64F12 -I/Users/Roberto/mcuxpresso/SDKPackages/SDK_2/devices -O0 -fno-common -g3 -Wall -c -fmessage-length=0 -fno-builtin -ffunction-sections -fdata-sections -mcpu=cortex-m4 -mfpu=fpv4-sp-d16 -mfloat-abi=hard -mthumb -D__REDLIB__ -specs=redlib.specs -MMD -MP -MF"CMSIS/system_MK64F12.d" -MT"CMSIS/system_MK64F12.o" -MT"CMSIS/system_MK64F12.d" -o "CMSIS/system_MK64F12.o" "/Users/Roberto/mcuxpresso/SDKPackages/SDK_2/devices/MK64F12/system_MK64F12.c"
In file included from ../source/main.c:18:0:
../source/SPI.h:111:13: warning: 'SPI_enable' declared 'static' but never defined [-Wunused-function]
 static void SPI_enable(SPI_ChannelType);
             ^
../source/SPI.h:113:13: warning: 'SPI_clk' declared 'static' but never defined [-Wunused-function]
 static void SPI_clk(SPI_ChannelType);
             ^
../source/SPI.h:115:13: warning: 'SPI_setMaster' declared 'static' but never defined [-Wunused-function]
 static void SPI_setMaster(SPI_ChannelType channel, SPI_MasterType masterOrSlave);
             ^
Finished building: ../source/NVIC.c
../source/SPI.h:117:13: warning: 'SPI_fIFO' declared 'static' but never defined [-Wunused-function]
 static void SPI_fIFO(SPI_ChannelType channel, SPI_EnableFIFOType enableOrDisable);
             ^
../source/SPI.h:119:13: warning: 'SPI_clockPolarity' declared 'static' but never defined [-Wunused-function]
 static void SPI_clockPolarity(SPI_ChannelType channel, SPI_PolarityType cpol);
             ^
../source/SPI.h:121:13: warning: 'SPI_frameSize' declared 'static' but never defined [-Wunused-function]
 static void SPI_frameSize(SPI_ChannelType channel, uint32 frameSize);
             ^
../source/SPI.h:123:13: warning: 'SPI_clockPhase' declared 'static' but never defined [-Wunused-function]
 static void SPI_clockPhase(SPI_ChannelType channel, SPI_PhaseType cpha);
             ^
../source/SPI.h:125:13: warning: 'SPI_baudRate' declared 'static' but never defined [-Wunused-function]
 static void SPI_baudRate(SPI_ChannelType channel, uint32 baudRate);
 
             ^
../source/SPI.h:127:13: warning: 'SPI_mSBFirst' declared 'static' but never defined [-Wunused-function]
 static void SPI_mSBFirst(SPI_ChannelType channel, SPI_LSMorMSBType msb);
             ^
Finished building: ../source/main.c
 
Finished building: /Users/Roberto/mcuxpresso/SDKPackages/SDK_2/devices/MK64F12/system_MK64F12.c
 
Building target: practica2.axf
Invoking: MCU Linker
arm-none-eabi-gcc -nostdlib -Xlinker -Map="practica2.map" -Xlinker --gc-sections -Xlinker -print-memory-usage -mcpu=cortex-m4 -mfpu=fpv4-sp-d16 -mfloat-abi=hard -mthumb -T practica2_Debug.ld -o "practica2.axf"  ./startup/startup_mk64f12.o  ./source/GPIO.o ./source/GlobalFunctions.o ./source/LCDFunctions.o ./source/LCDNokia5110.o ./source/LCDNokia5110Images.o ./source/NVIC.o ./source/SPI.o ./source/main.o  ./CMSIS/system_MK64F12.o   
Memory region         Used Size  Region Size  %age Used
   PROGRAM_FLASH:       12528 B         1 MB      1.19%
./source/GPIO.o: In function `PORTB_IRQHandler':
/Sistemas_Embebidos/Practica2/practica2/Debug/../source/GPIO.c:23: undefined reference to `FlagPortB'
      SRAM_UPPER:        8384 B       192 KB      4.26%
      SRAM_LOWER:          0 GB        64 KB      0.00%
./source/LCDFunctions.o: In function `PORTC_IRQHandler':
/Sistemas_Embebidos/Practica2/practica2/Debug/../source/LCDFunctions.c:114: undefined reference to `flagC'
        FLEX_RAM:          0 GB         4 KB      0.00%
collect2: error: ld returned 1 exit status
make: *** [practica2.axf] Error 1
19:46:01 **** Incremental Build of configuration Debug for project practica2 ****
make -r -j3 all 
Building file: ../source/GPIO.c
Invoking: MCU C Compiler
arm-none-eabi-gcc -DCR_INTEGER_PRINTF -DSDK_DEBUGCONSOLE=0 -D__MCUXPRESSO -D__USE_CMSIS -DDEBUG -DSDK_OS_BAREMETAL -DFSL_RTOS_BM -DCPU_MK64FN1M0VLL12 -DCPU_MK64FN1M0VLL12_cm4 -D__REDLIB__ -I"/Sistemas_Embebidos/Practica2/practica2/source" -I"/Sistemas_Embebidos/Practica2/practica2" -I"/Sistemas_Embebidos/Practica2/practica2/startup" -I"/Sistemas_Embebidos/Practica2/practica2/CMSIS" -I/Users/Roberto/mcuxpresso/SDKPackages/SDK_2/CMSIS/Include -I/Users/Roberto/mcuxpresso/SDKPackages/SDK_2/CMSIS -I/Users/Roberto/mcuxpresso/SDKPackages/SDK_2/devices/MK64F12 -I/Users/Roberto/mcuxpresso/SDKPackages/SDK_2/devices -O0 -fno-common -g3 -Wall -c -fmessage-length=0 -fno-builtin -ffunction-sections -fdata-sections -mcpu=cortex-m4 -mfpu=fpv4-sp-d16 -mfloat-abi=hard -mthumb -D__REDLIB__ -specs=redlib.specs -MMD -MP -MF"source/GPIO.d" -MT"source/GPIO.o" -MT"source/GPIO.d" -o "source/GPIO.o" "../source/GPIO.c"
Finished building: ../source/GPIO.c
 
Building target: practica2.axf
Invoking: MCU Linker
arm-none-eabi-gcc -nostdlib -Xlinker -Map="practica2.map" -Xlinker --gc-sections -Xlinker -print-memory-usage -mcpu=cortex-m4 -mfpu=fpv4-sp-d16 -mfloat-abi=hard -mthumb -T practica2_Debug.ld -o "practica2.axf"  ./startup/startup_mk64f12.o  ./source/GPIO.o ./source/GlobalFunctions.o ./source/LCDFunctions.o ./source/LCDNokia5110.o ./source/LCDNokia5110Images.o ./source/NVIC.o ./source/SPI.o ./source/main.o  ./CMSIS/system_MK64F12.o   
./source/LCDFunctions.o: In function `PORTC_IRQHandler':
/Sistemas_Embebidos/Practica2/practica2/Debug/../source/LCDFunctions.c:114: undefined reference to `flagC'
collect2: error: ld returned 1 exit status
Memory region         Used Size  Region Size  %age Used
   PROGRAM_FLASH:       12512 B         1 MB      1.19%
      SRAM_UPPER:        8384 B       192 KB      4.26%
      SRAM_LOWER:          0 GB        64 KB      0.00%
make: *** [practica2.axf] Error 1
        FLEX_RAM:          0 GB         4 KB      0.00%
19:47:44 **** Incremental Build of configuration Debug for project practica2 ****
make -r -j3 all 
Building file: ../source/main.c
Invoking: MCU C Compiler
arm-none-eabi-gcc -DCR_INTEGER_PRINTF -DSDK_DEBUGCONSOLE=0 -D__MCUXPRESSO -D__USE_CMSIS -DDEBUG -DSDK_OS_BAREMETAL -DFSL_RTOS_BM -DCPU_MK64FN1M0VLL12 -DCPU_MK64FN1M0VLL12_cm4 -D__REDLIB__ -I"/Sistemas_Embebidos/Practica2/practica2/source" -I"/Sistemas_Embebidos/Practica2/practica2" -I"/Sistemas_Embebidos/Practica2/practica2/startup" -I"/Sistemas_Embebidos/Practica2/practica2/CMSIS" -I/Users/Roberto/mcuxpresso/SDKPackages/SDK_2/CMSIS/Include -I/Users/Roberto/mcuxpresso/SDKPackages/SDK_2/CMSIS -I/Users/Roberto/mcuxpresso/SDKPackages/SDK_2/devices/MK64F12 -I/Users/Roberto/mcuxpresso/SDKPackages/SDK_2/devices -O0 -fno-common -g3 -Wall -c -fmessage-length=0 -fno-builtin -ffunction-sections -fdata-sections -mcpu=cortex-m4 -mfpu=fpv4-sp-d16 -mfloat-abi=hard -mthumb -D__REDLIB__ -specs=redlib.specs -MMD -MP -MF"source/main.d" -MT"source/main.o" -MT"source/main.d" -o "source/main.o" "../source/main.c"
In file included from ../source/main.c:18:0:
../source/SPI.h:111:13: warning: 'SPI_enable' declared 'static' but never defined [-Wunused-function]
 static void SPI_enable(SPI_ChannelType);
             ^
../source/SPI.h:113:13: warning: 'SPI_clk' declared 'static' but never defined [-Wunused-function]
 static void SPI_clk(SPI_ChannelType);
             ^
../source/SPI.h:115:13: warning: 'SPI_setMaster' declared 'static' but never defined [-Wunused-function]
 static void SPI_setMaster(SPI_ChannelType channel, SPI_MasterType masterOrSlave);
             ^
../source/SPI.h:117:13: warning: 'SPI_fIFO' declared 'static' but never defined [-Wunused-function]
 static void SPI_fIFO(SPI_ChannelType channel, SPI_EnableFIFOType enableOrDisable);
             ^
../source/SPI.h:119:13: warning: 'SPI_clockPolarity' declared 'static' but never defined [-Wunused-function]
 static void SPI_clockPolarity(SPI_ChannelType channel, SPI_PolarityType cpol);
             ^
../source/SPI.h:121:13: warning: 'SPI_frameSize' declared 'static' but never defined [-Wunused-function]
 static void SPI_frameSize(SPI_ChannelType channel, uint32 frameSize);
             ^
../source/SPI.h:123:13: warning: 'SPI_clockPhase' declared 'static' but never defined [-Wunused-function]
 static void SPI_clockPhase(SPI_ChannelType channel, SPI_PhaseType cpha);
             ^
../source/SPI.h:125:13: warning: 'SPI_baudRate' declared 'static' but never defined [-Wunused-function]
 static void SPI_baudRate(SPI_ChannelType channel, uint32 baudRate);
             ^
../source/SPI.h:127:13: warning: 'SPI_mSBFirst' declared 'static' but never defined [-Wunused-function]
 static void SPI_mSBFirst(SPI_ChannelType channel, SPI_LSMorMSBType msb);
             ^
Finished building: ../source/main.c
 
Building target: practica2.axf
Invoking: MCU Linker
arm-none-eabi-gcc -nostdlib -Xlinker -Map="practica2.map" -Xlinker --gc-sections -Xlinker -print-memory-usage -mcpu=cortex-m4 -mfpu=fpv4-sp-d16 -mfloat-abi=hard -mthumb -T practica2_Debug.ld -o "practica2.axf"  ./startup/startup_mk64f12.o  ./source/GPIO.o ./source/GlobalFunctions.o ./source/LCDFunctions.o ./source/LCDNokia5110.o ./source/LCDNokia5110Images.o ./source/NVIC.o ./source/SPI.o ./source/main.o  ./CMSIS/system_MK64F12.o   
./source/main.o: In function `main':
/Sistemas_Embebidos/Practica2/practica2/Debug/../source/main.c:215: undefined reference to `Finger'
Memory region         Used Size  Region Size  %age Used
collect2: error: ld returned 1 exit status
make: *** [practica2.axf] Error 1
   PROGRAM_FLASH:       12852 B         1 MB      1.23%
      SRAM_UPPER:        8432 B       192 KB      4.29%
      SRAM_LOWER:          0 GB        64 KB      0.00%
        FLEX_RAM:          0 GB         4 KB      0.00%
19:49:46 **** Incremental Build of configuration Debug for project practica2 ****
make -r -j3 all 
Building file: ../source/LCDNokia5110Images.c
Invoking: MCU C Compiler
arm-none-eabi-gcc -DCR_INTEGER_PRINTF -DSDK_DEBUGCONSOLE=0 -D__MCUXPRESSO -D__USE_CMSIS -DDEBUG -DSDK_OS_BAREMETAL -DFSL_RTOS_BM -DCPU_MK64FN1M0VLL12 -DCPU_MK64FN1M0VLL12_cm4 -D__REDLIB__ -I"/Sistemas_Embebidos/Practica2/practica2/source" -I"/Sistemas_Embebidos/Practica2/practica2" -I"/Sistemas_Embebidos/Practica2/practica2/startup" -I"/Sistemas_Embebidos/Practica2/practica2/CMSIS" -I/Users/Roberto/mcuxpresso/SDKPackages/SDK_2/CMSIS/Include -I/Users/Roberto/mcuxpresso/SDKPackages/SDK_2/CMSIS -I/Users/Roberto/mcuxpresso/SDKPackages/SDK_2/devices/MK64F12 -I/Users/Roberto/mcuxpresso/SDKPackages/SDK_2/devices -O0 -fno-common -g3 -Wall -c -fmessage-length=0 -fno-builtin -ffunction-sections -fdata-sections -mcpu=cortex-m4 -mfpu=fpv4-sp-d16 -mfloat-abi=hard -mthumb -D__REDLIB__ -specs=redlib.specs -MMD -MP -MF"source/LCDNokia5110Images.d" -MT"source/LCDNokia5110Images.o" -MT"source/LCDNokia5110Images.d" -o "source/LCDNokia5110Images.o" "../source/LCDNokia5110Images.c"
Finished building: ../source/LCDNokia5110Images.c
 
Building target: practica2.axf
Invoking: MCU Linker
arm-none-eabi-gcc -nostdlib -Xlinker -Map="practica2.map" -Xlinker --gc-sections -Xlinker -print-memory-usage -mcpu=cortex-m4 -mfpu=fpv4-sp-d16 -mfloat-abi=hard -mthumb -T practica2_Debug.ld -o "practica2.axf"  ./startup/startup_mk64f12.o  ./source/GPIO.o ./source/GlobalFunctions.o ./source/LCDFunctions.o ./source/LCDNokia5110.o ./source/LCDNokia5110Images.o ./source/NVIC.o ./source/SPI.o ./source/main.o  ./CMSIS/system_MK64F12.o   
Memory region         Used Size  Region Size  %age Used
   PROGRAM_FLASH:       13356 B         1 MB      1.27%
      SRAM_UPPER:        8432 B       192 KB      4.29%
      SRAM_LOWER:          0 GB        64 KB      0.00%
        FLEX_RAM:          0 GB         4 KB      0.00%
Finished building target: practica2.axf
 
make --no-print-directory post-build
Performing post-build steps
arm-none-eabi-size "practica2.axf"; # arm-none-eabi-objcopy -v -O binary "practica2.axf" "practica2.bin" ; # checksum -p MK64FN1M0xxx12 -d "practica2.bin";
   text	   data	    bss	    dec	    hex	filename
  13316	     40	   8392	  21748	   54f4	practica2.axf
 
20:02:44 **** Incremental Build of configuration Debug for project practica2 ****
make -r -j3 all 
Building file: ../source/main.c
Invoking: MCU C Compiler
arm-none-eabi-gcc -DCR_INTEGER_PRINTF -DSDK_DEBUGCONSOLE=0 -D__MCUXPRESSO -D__USE_CMSIS -DDEBUG -DSDK_OS_BAREMETAL -DFSL_RTOS_BM -DCPU_MK64FN1M0VLL12 -DCPU_MK64FN1M0VLL12_cm4 -D__REDLIB__ -I"/Sistemas_Embebidos/Practica2/practica2/source" -I"/Sistemas_Embebidos/Practica2/practica2" -I"/Sistemas_Embebidos/Practica2/practica2/startup" -I"/Sistemas_Embebidos/Practica2/practica2/CMSIS" -I/Users/Roberto/mcuxpresso/SDKPackages/SDK_2/CMSIS/Include -I/Users/Roberto/mcuxpresso/SDKPackages/SDK_2/CMSIS -I/Users/Roberto/mcuxpresso/SDKPackages/SDK_2/devices/MK64F12 -I/Users/Roberto/mcuxpresso/SDKPackages/SDK_2/devices -O0 -fno-common -g3 -Wall -c -fmessage-length=0 -fno-builtin -ffunction-sections -fdata-sections -mcpu=cortex-m4 -mfpu=fpv4-sp-d16 -mfloat-abi=hard -mthumb -D__REDLIB__ -specs=redlib.specs -MMD -MP -MF"source/main.d" -MT"source/main.o" -MT"source/main.d" -o "source/main.o" "../source/main.c"
In file included from ../source/main.c:18:0:
../source/SPI.h:111:13: warning: 'SPI_enable' declared 'static' but never defined [-Wunused-function]
 static void SPI_enable(SPI_ChannelType);
             ^
../source/SPI.h:113:13: warning: 'SPI_clk' declared 'static' but never defined [-Wunused-function]
 static void SPI_clk(SPI_ChannelType);
             ^
../source/SPI.h:115:13: warning: 'SPI_setMaster' declared 'static' but never defined [-Wunused-function]
 static void SPI_setMaster(SPI_ChannelType channel, SPI_MasterType masterOrSlave);
             ^
../source/SPI.h:117:13: warning: 'SPI_fIFO' declared 'static' but never defined [-Wunused-function]
 static void SPI_fIFO(SPI_ChannelType channel, SPI_EnableFIFOType enableOrDisable);
             ^
../source/SPI.h:119:13: warning: 'SPI_clockPolarity' declared 'static' but never defined [-Wunused-function]
 static void SPI_clockPolarity(SPI_ChannelType channel, SPI_PolarityType cpol);
             ^
../source/SPI.h:121:13: warning: 'SPI_frameSize' declared 'static' but never defined [-Wunused-function]
 static void SPI_frameSize(SPI_ChannelType channel, uint32 frameSize);
             ^
../source/SPI.h:123:13: warning: 'SPI_clockPhase' declared 'static' but never defined [-Wunused-function]
 static void SPI_clockPhase(SPI_ChannelType channel, SPI_PhaseType cpha);
             ^
../source/SPI.h:125:13: warning: 'SPI_baudRate' declared 'static' but never defined [-Wunused-function]
 static void SPI_baudRate(SPI_ChannelType channel, uint32 baudRate);
             ^
../source/SPI.h:127:13: warning: 'SPI_mSBFirst' declared 'static' but never defined [-Wunused-function]
 static void SPI_mSBFirst(SPI_ChannelType channel, SPI_LSMorMSBType msb);
             ^
Finished building: ../source/main.c
 
Building target: practica2.axf
Invoking: MCU Linker
arm-none-eabi-gcc -nostdlib -Xlinker -Map="practica2.map" -Xlinker --gc-sections -Xlinker -print-memory-usage -mcpu=cortex-m4 -mfpu=fpv4-sp-d16 -mfloat-abi=hard -mthumb -T practica2_Debug.ld -o "practica2.axf"  ./startup/startup_mk64f12.o  ./source/GPIO.o ./source/GlobalFunctions.o ./source/LCDFunctions.o ./source/LCDNokia5110.o ./source/LCDNokia5110Images.o ./source/NVIC.o ./source/SPI.o ./source/main.o  ./CMSIS/system_MK64F12.o   
Memory region         Used Size  Region Size  %age Used
   PROGRAM_FLASH:       13672 B         1 MB      1.30%
      SRAM_UPPER:        8424 B       192 KB      4.28%
      SRAM_LOWER:          0 GB        64 KB      0.00%
        FLEX_RAM:          0 GB         4 KB      0.00%
Finished building target: practica2.axf
 
make --no-print-directory post-build
Performing post-build steps
arm-none-eabi-size "practica2.axf"; # arm-none-eabi-objcopy -v -O binary "practica2.axf" "practica2.bin" ; # checksum -p MK64FN1M0xxx12 -d "practica2.bin";
   text	   data	    bss	    dec	    hex	filename
  13640	     32	   8392	  22064	   5630	practica2.axf
 
20:03:25 **** Incremental Build of configuration Debug for project practica2 ****
make -r -j3 all 
make: Nothing to be done for `all'.
20:03:27 **** Incremental Build of configuration Debug for project practica2 ****
make -r -j3 all 
make: Nothing to be done for `all'.
20:08:20 **** Incremental Build of configuration Debug for project practica2 ****
make -r -j3 all 
Building file: ../source/main.c
Invoking: MCU C Compiler
arm-none-eabi-gcc -DCR_INTEGER_PRINTF -DSDK_DEBUGCONSOLE=0 -D__MCUXPRESSO -D__USE_CMSIS -DDEBUG -DSDK_OS_BAREMETAL -DFSL_RTOS_BM -DCPU_MK64FN1M0VLL12 -DCPU_MK64FN1M0VLL12_cm4 -D__REDLIB__ -I"/Sistemas_Embebidos/Practica2/practica2/source" -I"/Sistemas_Embebidos/Practica2/practica2" -I"/Sistemas_Embebidos/Practica2/practica2/startup" -I"/Sistemas_Embebidos/Practica2/practica2/CMSIS" -I/Users/Roberto/mcuxpresso/SDKPackages/SDK_2/CMSIS/Include -I/Users/Roberto/mcuxpresso/SDKPackages/SDK_2/CMSIS -I/Users/Roberto/mcuxpresso/SDKPackages/SDK_2/devices/MK64F12 -I/Users/Roberto/mcuxpresso/SDKPackages/SDK_2/devices -O0 -fno-common -g3 -Wall -c -fmessage-length=0 -fno-builtin -ffunction-sections -fdata-sections -mcpu=cortex-m4 -mfpu=fpv4-sp-d16 -mfloat-abi=hard -mthumb -D__REDLIB__ -specs=redlib.specs -MMD -MP -MF"source/main.d" -MT"source/main.o" -MT"source/main.d" -o "source/main.o" "../source/main.c"
In file included from ../source/main.c:18:0:
../source/SPI.h:111:13: warning: 'SPI_enable' declared 'static' but never defined [-Wunused-function]
 static void SPI_enable(SPI_ChannelType);
             ^
../source/SPI.h:113:13: warning: 'SPI_clk' declared 'static' but never defined [-Wunused-function]
 static void SPI_clk(SPI_ChannelType);
             ^
../source/SPI.h:115:13: warning: 'SPI_setMaster' declared 'static' but never defined [-Wunused-function]
 static void SPI_setMaster(SPI_ChannelType channel, SPI_MasterType masterOrSlave);
             ^
../source/SPI.h:117:13: warning: 'SPI_fIFO' declared 'static' but never defined [-Wunused-function]
 static void SPI_fIFO(SPI_ChannelType channel, SPI_EnableFIFOType enableOrDisable);
             ^
../source/SPI.h:119:13: warning: 'SPI_clockPolarity' declared 'static' but never defined [-Wunused-function]
 static void SPI_clockPolarity(SPI_ChannelType channel, SPI_PolarityType cpol);
             ^
../source/SPI.h:121:13: warning: 'SPI_frameSize' declared 'static' but never defined [-Wunused-function]
 static void SPI_frameSize(SPI_ChannelType channel, uint32 frameSize);
             ^
../source/SPI.h:123:13: warning: 'SPI_clockPhase' declared 'static' but never defined [-Wunused-function]
 static void SPI_clockPhase(SPI_ChannelType channel, SPI_PhaseType cpha);
             ^
../source/SPI.h:125:13: warning: 'SPI_baudRate' declared 'static' but never defined [-Wunused-function]
 static void SPI_baudRate(SPI_ChannelType channel, uint32 baudRate);
             ^
../source/SPI.h:127:13: warning: 'SPI_mSBFirst' declared 'static' but never defined [-Wunused-function]
 static void SPI_mSBFirst(SPI_ChannelType channel, SPI_LSMorMSBType msb);
             ^
Finished building: ../source/main.c
 
Building target: practica2.axf
Invoking: MCU Linker
arm-none-eabi-gcc -nostdlib -Xlinker -Map="practica2.map" -Xlinker --gc-sections -Xlinker -print-memory-usage -mcpu=cortex-m4 -mfpu=fpv4-sp-d16 -mfloat-abi=hard -mthumb -T practica2_Debug.ld -o "practica2.axf"  ./startup/startup_mk64f12.o  ./source/GPIO.o ./source/GlobalFunctions.o ./source/LCDFunctions.o ./source/LCDNokia5110.o ./source/LCDNokia5110Images.o ./source/NVIC.o ./source/SPI.o ./source/main.o  ./CMSIS/system_MK64F12.o   
Memory region         Used Size  Region Size  %age Used
   PROGRAM_FLASH:       13672 B         1 MB      1.30%
      SRAM_UPPER:        8424 B       192 KB      4.28%
      SRAM_LOWER:          0 GB        64 KB      0.00%
        FLEX_RAM:          0 GB         4 KB      0.00%
Finished building target: practica2.axf
 
make --no-print-directory post-build
Performing post-build steps
arm-none-eabi-size "practica2.axf"; # arm-none-eabi-objcopy -v -O binary "practica2.axf" "practica2.bin" ; # checksum -p MK64FN1M0xxx12 -d "practica2.bin";
   text	   data	    bss	    dec	    hex	filename
  13640	     32	   8392	  22064	   5630	practica2.axf
 
20:08:29 **** Incremental Build of configuration Debug for project practica2 ****
make -r -j3 all 
make: Nothing to be done for `all'.
20:08:30 **** Incremental Build of configuration Debug for project practica2 ****
make -r -j3 all 
make: Nothing to be done for `all'.
20:08:54 **** Incremental Build of configuration Debug for project practica2 ****
make -r -j3 all 
make: Nothing to be done for `all'.
20:08:55 **** Incremental Build of configuration Debug for project practica2 ****
make -r -j3 all 
make: Nothing to be done for `all'.
20:32:29 **** Incremental Build of configuration Debug for project practica2 ****
make -r -j3 all 
Building file: ../source/LCDFunctions.c
Building file: ../source/main.c
Invoking: MCU C Compiler
Invoking: MCU C Compiler
arm-none-eabi-gcc -DCR_INTEGER_PRINTF -DSDK_DEBUGCONSOLE=0 -D__MCUXPRESSO -D__USE_CMSIS -DDEBUG -DSDK_OS_BAREMETAL -DFSL_RTOS_BM -DCPU_MK64FN1M0VLL12 -DCPU_MK64FN1M0VLL12_cm4 -D__REDLIB__ -I"/Sistemas_Embebidos/Practica2/practica2/source" -I"/Sistemas_Embebidos/Practica2/practica2" -I"/Sistemas_Embebidos/Practica2/practica2/startup" -I"/Sistemas_Embebidos/Practica2/practica2/CMSIS" -I/Users/Roberto/mcuxpresso/SDKPackages/SDK_2/CMSIS/Include -I/Users/Roberto/mcuxpresso/SDKPackages/SDK_2/CMSIS -I/Users/Roberto/mcuxpresso/SDKPackages/SDK_2/devices/MK64F12 -I/Users/Roberto/mcuxpresso/SDKPackages/SDK_2/devices -O0 -fno-common -g3 -Wall -c -fmessage-length=0 -fno-builtin -ffunction-sections -fdata-sections -mcpu=cortex-m4 -mfpu=fpv4-sp-d16 -mfloat-abi=hard -mthumb -D__REDLIB__ -specs=redlib.specs -MMD -MP -MF"source/LCDFunctions.d" -MT"source/LCDFunctions.o" -MT"source/LCDFunctions.d" -o "source/LCDFunctions.o" "../source/LCDFunctions.c"
arm-none-eabi-gcc -DCR_INTEGER_PRINTF -DSDK_DEBUGCONSOLE=0 -D__MCUXPRESSO -D__USE_CMSIS -DDEBUG -DSDK_OS_BAREMETAL -DFSL_RTOS_BM -DCPU_MK64FN1M0VLL12 -DCPU_MK64FN1M0VLL12_cm4 -D__REDLIB__ -I"/Sistemas_Embebidos/Practica2/practica2/source" -I"/Sistemas_Embebidos/Practica2/practica2" -I"/Sistemas_Embebidos/Practica2/practica2/startup" -I"/Sistemas_Embebidos/Practica2/practica2/CMSIS" -I/Users/Roberto/mcuxpresso/SDKPackages/SDK_2/CMSIS/Include -I/Users/Roberto/mcuxpresso/SDKPackages/SDK_2/CMSIS -I/Users/Roberto/mcuxpresso/SDKPackages/SDK_2/devices/MK64F12 -I/Users/Roberto/mcuxpresso/SDKPackages/SDK_2/devices -O0 -fno-common -g3 -Wall -c -fmessage-length=0 -fno-builtin -ffunction-sections -fdata-sections -mcpu=cortex-m4 -mfpu=fpv4-sp-d16 -mfloat-abi=hard -mthumb -D__REDLIB__ -specs=redlib.specs -MMD -MP -MF"source/main.d" -MT"source/main.o" -MT"source/main.d" -o "source/main.o" "../source/main.c"
In file included from ../source/main.c:18:0:
../source/SPI.h:111:13: warning: 'SPI_enable' declared 'static' but never defined [-Wunused-function]
 static void SPI_enable(SPI_ChannelType);
             ^
../source/SPI.h:113:13: warning: 'SPI_clk' declared 'static' but never defined [-Wunused-function]
 static void SPI_clk(SPI_ChannelType);
             ^
../source/SPI.h:115:13: warning: 'SPI_setMaster' declared 'static' but never defined [-Wunused-function]
 static void SPI_setMaster(SPI_ChannelType channel, SPI_MasterType masterOrSlave);
             ^
../source/SPI.h:117:13: warning: 'SPI_fIFO' declared 'static' but never defined [-Wunused-function]
 static void SPI_fIFO(SPI_ChannelType channel, SPI_EnableFIFOType enableOrDisable);
             ^
../source/SPI.h:119:13: warning: 'SPI_clockPolarity' declared 'static' but never defined [-Wunused-function]
 static void SPI_clockPolarity(SPI_ChannelType channel, SPI_PolarityType cpol);
             ^
../source/SPI.h:121:13: warning: 'SPI_frameSize' declared 'static' but never defined [-Wunused-function]
 static void SPI_frameSize(SPI_ChannelType channel, uint32 frameSize);
             ^
../source/SPI.h:123:13: warning: 'SPI_clockPhase' declared 'static' but never defined [-Wunused-function]
 static void SPI_clockPhase(SPI_ChannelType channel, SPI_PhaseType cpha);
             ^
../source/SPI.h:125:13: warning: 'SPI_baudRate' declared 'static' but never defined [-Wunused-function]
 static void SPI_baudRate(SPI_ChannelType channel, uint32 baudRate);
             ^
../source/SPI.h:127:13: warning: 'SPI_mSBFirst' declared 'static' but never defined [-Wunused-function]
 static void SPI_mSBFirst(SPI_ChannelType channel, SPI_LSMorMSBType msb);
             ^
Finished building: ../source/main.c
 
Finished building: ../source/LCDFunctions.c
 
Building target: practica2.axf
Invoking: MCU Linker
arm-none-eabi-gcc -nostdlib -Xlinker -Map="practica2.map" -Xlinker --gc-sections -Xlinker -print-memory-usage -mcpu=cortex-m4 -mfpu=fpv4-sp-d16 -mfloat-abi=hard -mthumb -T practica2_Debug.ld -o "practica2.axf"  ./startup/startup_mk64f12.o  ./source/GPIO.o ./source/GlobalFunctions.o ./source/LCDFunctions.o ./source/LCDNokia5110.o ./source/LCDNokia5110Images.o ./source/NVIC.o ./source/SPI.o ./source/main.o  ./CMSIS/system_MK64F12.o   
Memory region         Used Size  Region Size  %age Used
   PROGRAM_FLASH:       13784 B         1 MB      1.31%
      SRAM_UPPER:        8392 B       192 KB      4.27%
      SRAM_LOWER:          0 GB        64 KB      0.00%
        FLEX_RAM:          0 GB         4 KB      0.00%
Finished building target: practica2.axf
 
make --no-print-directory post-build
Performing post-build steps
arm-none-eabi-size "practica2.axf"; # arm-none-eabi-objcopy -v -O binary "practica2.axf" "practica2.bin" ; # checksum -p MK64FN1M0xxx12 -d "practica2.bin";
   text	   data	    bss	    dec	    hex	filename
  13784	      0	   8392	  22176	   56a0	practica2.axf
 
20:33:04 **** Incremental Build of configuration Debug for project practica2 ****
make -r -j3 all 
Building file: ../source/main.c
Invoking: MCU C Compiler
arm-none-eabi-gcc -DCR_INTEGER_PRINTF -DSDK_DEBUGCONSOLE=0 -D__MCUXPRESSO -D__USE_CMSIS -DDEBUG -DSDK_OS_BAREMETAL -DFSL_RTOS_BM -DCPU_MK64FN1M0VLL12 -DCPU_MK64FN1M0VLL12_cm4 -D__REDLIB__ -I"/Sistemas_Embebidos/Practica2/practica2/source" -I"/Sistemas_Embebidos/Practica2/practica2" -I"/Sistemas_Embebidos/Practica2/practica2/startup" -I"/Sistemas_Embebidos/Practica2/practica2/CMSIS" -I/Users/Roberto/mcuxpresso/SDKPackages/SDK_2/CMSIS/Include -I/Users/Roberto/mcuxpresso/SDKPackages/SDK_2/CMSIS -I/Users/Roberto/mcuxpresso/SDKPackages/SDK_2/devices/MK64F12 -I/Users/Roberto/mcuxpresso/SDKPackages/SDK_2/devices -O0 -fno-common -g3 -Wall -c -fmessage-length=0 -fno-builtin -ffunction-sections -fdata-sections -mcpu=cortex-m4 -mfpu=fpv4-sp-d16 -mfloat-abi=hard -mthumb -D__REDLIB__ -specs=redlib.specs -MMD -MP -MF"source/main.d" -MT"source/main.o" -MT"source/main.d" -o "source/main.o" "../source/main.c"
In file included from ../source/main.c:18:0:
../source/SPI.h:111:13: warning: 'SPI_enable' declared 'static' but never defined [-Wunused-function]
 static void SPI_enable(SPI_ChannelType);
             ^
../source/SPI.h:113:13: warning: 'SPI_clk' declared 'static' but never defined [-Wunused-function]
 static void SPI_clk(SPI_ChannelType);
             ^
../source/SPI.h:115:13: warning: 'SPI_setMaster' declared 'static' but never defined [-Wunused-function]
 static void SPI_setMaster(SPI_ChannelType channel, SPI_MasterType masterOrSlave);
             ^
../source/SPI.h:117:13: warning: 'SPI_fIFO' declared 'static' but never defined [-Wunused-function]
 static void SPI_fIFO(SPI_ChannelType channel, SPI_EnableFIFOType enableOrDisable);
             ^
../source/SPI.h:119:13: warning: 'SPI_clockPolarity' declared 'static' but never defined [-Wunused-function]
 static void SPI_clockPolarity(SPI_ChannelType channel, SPI_PolarityType cpol);
             ^
../source/SPI.h:121:13: warning: 'SPI_frameSize' declared 'static' but never defined [-Wunused-function]
 static void SPI_frameSize(SPI_ChannelType channel, uint32 frameSize);
             ^
../source/SPI.h:123:13: warning: 'SPI_clockPhase' declared 'static' but never defined [-Wunused-function]
 static void SPI_clockPhase(SPI_ChannelType channel, SPI_PhaseType cpha);
             ^
../source/SPI.h:125:13: warning: 'SPI_baudRate' declared 'static' but never defined [-Wunused-function]
 static void SPI_baudRate(SPI_ChannelType channel, uint32 baudRate);
             ^
../source/SPI.h:127:13: warning: 'SPI_mSBFirst' declared 'static' but never defined [-Wunused-function]
 static void SPI_mSBFirst(SPI_ChannelType channel, SPI_LSMorMSBType msb);
             ^
Finished building: ../source/main.c
 
Building target: practica2.axf
Invoking: MCU Linker
arm-none-eabi-gcc -nostdlib -Xlinker -Map="practica2.map" -Xlinker --gc-sections -Xlinker -print-memory-usage -mcpu=cortex-m4 -mfpu=fpv4-sp-d16 -mfloat-abi=hard -mthumb -T practica2_Debug.ld -o "practica2.axf"  ./startup/startup_mk64f12.o  ./source/GPIO.o ./source/GlobalFunctions.o ./source/LCDFunctions.o ./source/LCDNokia5110.o ./source/LCDNokia5110Images.o ./source/NVIC.o ./source/SPI.o ./source/main.o  ./CMSIS/system_MK64F12.o   
Memory region         Used Size  Region Size  %age Used
   PROGRAM_FLASH:       13784 B         1 MB      1.31%
      SRAM_UPPER:        8392 B       192 KB      4.27%
      SRAM_LOWER:          0 GB        64 KB      0.00%
        FLEX_RAM:          0 GB         4 KB      0.00%
Finished building target: practica2.axf
 
make --no-print-directory post-build
Performing post-build steps
arm-none-eabi-size "practica2.axf"; # arm-none-eabi-objcopy -v -O binary "practica2.axf" "practica2.bin" ; # checksum -p MK64FN1M0xxx12 -d "practica2.bin";
   text	   data	    bss	    dec	    hex	filename
  13784	      0	   8392	  22176	   56a0	practica2.axf
 
20:33:07 **** Incremental Build of configuration Debug for project practica2 ****
make -r -j3 all 
make: Nothing to be done for `all'.
20:33:08 **** Incremental Build of configuration Debug for project practica2 ****
make -r -j3 all 
make: Nothing to be done for `all'.
20:34:44 **** Incremental Build of configuration Debug for project practica2 ****
make -r -j3 all 
Building file: ../source/LCDFunctions.c
Invoking: MCU C Compiler
arm-none-eabi-gcc -DCR_INTEGER_PRINTF -DSDK_DEBUGCONSOLE=0 -D__MCUXPRESSO -D__USE_CMSIS -DDEBUG -DSDK_OS_BAREMETAL -DFSL_RTOS_BM -DCPU_MK64FN1M0VLL12 -DCPU_MK64FN1M0VLL12_cm4 -D__REDLIB__ -I"/Sistemas_Embebidos/Practica2/practica2/source" -I"/Sistemas_Embebidos/Practica2/practica2" -I"/Sistemas_Embebidos/Practica2/practica2/startup" -I"/Sistemas_Embebidos/Practica2/practica2/CMSIS" -I/Users/Roberto/mcuxpresso/SDKPackages/SDK_2/CMSIS/Include -I/Users/Roberto/mcuxpresso/SDKPackages/SDK_2/CMSIS -I/Users/Roberto/mcuxpresso/SDKPackages/SDK_2/devices/MK64F12 -I/Users/Roberto/mcuxpresso/SDKPackages/SDK_2/devices -O0 -fno-common -g3 -Wall -c -fmessage-length=0 -fno-builtin -ffunction-sections -fdata-sections -mcpu=cortex-m4 -mfpu=fpv4-sp-d16 -mfloat-abi=hard -mthumb -D__REDLIB__ -specs=redlib.specs -MMD -MP -MF"source/LCDFunctions.d" -MT"source/LCDFunctions.o" -MT"source/LCDFunctions.d" -o "source/LCDFunctions.o" "../source/LCDFunctions.c"
Finished building: ../source/LCDFunctions.c
 
Building target: practica2.axf
Invoking: MCU Linker
arm-none-eabi-gcc -nostdlib -Xlinker -Map="practica2.map" -Xlinker --gc-sections -Xlinker -print-memory-usage -mcpu=cortex-m4 -mfpu=fpv4-sp-d16 -mfloat-abi=hard -mthumb -T practica2_Debug.ld -o "practica2.axf"  ./startup/startup_mk64f12.o  ./source/GPIO.o ./source/GlobalFunctions.o ./source/LCDFunctions.o ./source/LCDNokia5110.o ./source/LCDNokia5110Images.o ./source/NVIC.o ./source/SPI.o ./source/main.o  ./CMSIS/system_MK64F12.o   
Memory region         Used Size  Region Size  %age Used
   PROGRAM_FLASH:       13784 B         1 MB      1.31%
      SRAM_UPPER:        8392 B       192 KB      4.27%
      SRAM_LOWER:          0 GB        64 KB      0.00%
        FLEX_RAM:          0 GB         4 KB      0.00%
Finished building target: practica2.axf
 
make --no-print-directory post-build
Performing post-build steps
arm-none-eabi-size "practica2.axf"; # arm-none-eabi-objcopy -v -O binary "practica2.axf" "practica2.bin" ; # checksum -p MK64FN1M0xxx12 -d "practica2.bin";
   text	   data	    bss	    dec	    hex	filename
  13784	      0	   8392	  22176	   56a0	practica2.axf
 
20:34:49 **** Incremental Build of configuration Debug for project practica2 ****
make -r -j3 all 
make: Nothing to be done for `all'.
20:34:50 **** Incremental Build of configuration Debug for project practica2 ****
make -r -j3 all 
make: Nothing to be done for `all'.
20:35:42 **** Incremental Build of configuration Debug for project practica2 ****
make -r -j3 all 
make: Nothing to be done for `all'.
20:35:43 **** Incremental Build of configuration Debug for project practica2 ****
make -r -j3 all 
make: Nothing to be done for `all'.
00:14:04 **** Incremental Build of configuration Debug for project practica2 ****
make -r -j3 all 
Building file: ../source/main.c
Invoking: MCU C Compiler
arm-none-eabi-gcc -DCR_INTEGER_PRINTF -DSDK_DEBUGCONSOLE=0 -D__MCUXPRESSO -D__USE_CMSIS -DDEBUG -DSDK_OS_BAREMETAL -DFSL_RTOS_BM -DCPU_MK64FN1M0VLL12 -DCPU_MK64FN1M0VLL12_cm4 -D__REDLIB__ -I"/Sistemas_Embebidos/Practica2/practica2/source" -I"/Sistemas_Embebidos/Practica2/practica2" -I"/Sistemas_Embebidos/Practica2/practica2/startup" -I"/Sistemas_Embebidos/Practica2/practica2/CMSIS" -I/Users/Roberto/mcuxpresso/SDKPackages/SDK_2/CMSIS/Include -I/Users/Roberto/mcuxpresso/SDKPackages/SDK_2/CMSIS -I/Users/Roberto/mcuxpresso/SDKPackages/SDK_2/devices/MK64F12 -I/Users/Roberto/mcuxpresso/SDKPackages/SDK_2/devices -O0 -fno-common -g3 -Wall -c -fmessage-length=0 -fno-builtin -ffunction-sections -fdata-sections -mcpu=cortex-m4 -mfpu=fpv4-sp-d16 -mfloat-abi=hard -mthumb -D__REDLIB__ -specs=redlib.specs -MMD -MP -MF"source/main.d" -MT"source/main.o" -MT"source/main.d" -o "source/main.o" "../source/main.c"
In file included from ../source/main.c:18:0:
../source/SPI.h:111:13: warning: 'SPI_enable' declared 'static' but never defined [-Wunused-function]
 static void SPI_enable(SPI_ChannelType);
             ^
../source/SPI.h:113:13: warning: 'SPI_clk' declared 'static' but never defined [-Wunused-function]
 static void SPI_clk(SPI_ChannelType);
             ^
../source/SPI.h:115:13: warning: 'SPI_setMaster' declared 'static' but never defined [-Wunused-function]
 static void SPI_setMaster(SPI_ChannelType channel, SPI_MasterType masterOrSlave);
             ^
../source/SPI.h:117:13: warning: 'SPI_fIFO' declared 'static' but never defined [-Wunused-function]
 static void SPI_fIFO(SPI_ChannelType channel, SPI_EnableFIFOType enableOrDisable);
             ^
../source/SPI.h:119:13: warning: 'SPI_clockPolarity' declared 'static' but never defined [-Wunused-function]
 static void SPI_clockPolarity(SPI_ChannelType channel, SPI_PolarityType cpol);
             ^
../source/SPI.h:121:13: warning: 'SPI_frameSize' declared 'static' but never defined [-Wunused-function]
 static void SPI_frameSize(SPI_ChannelType channel, uint32 frameSize);
             ^
../source/SPI.h:123:13: warning: 'SPI_clockPhase' declared 'static' but never defined [-Wunused-function]
 static void SPI_clockPhase(SPI_ChannelType channel, SPI_PhaseType cpha);
             ^
../source/SPI.h:125:13: warning: 'SPI_baudRate' declared 'static' but never defined [-Wunused-function]
 static void SPI_baudRate(SPI_ChannelType channel, uint32 baudRate);
             ^
../source/SPI.h:127:13: warning: 'SPI_mSBFirst' declared 'static' but never defined [-Wunused-function]
 static void SPI_mSBFirst(SPI_ChannelType channel, SPI_LSMorMSBType msb);
             ^
Finished building: ../source/main.c
 
Building target: practica2.axf
Invoking: MCU Linker
arm-none-eabi-gcc -nostdlib -Xlinker -Map="practica2.map" -Xlinker --gc-sections -Xlinker -print-memory-usage -mcpu=cortex-m4 -mfpu=fpv4-sp-d16 -mfloat-abi=hard -mthumb -T practica2_Debug.ld -o "practica2.axf"  ./startup/startup_mk64f12.o  ./source/GPIO.o ./source/GlobalFunctions.o ./source/LCDFunctions.o ./source/LCDNokia5110.o ./source/LCDNokia5110Images.o ./source/NVIC.o ./source/SPI.o ./source/main.o  ./CMSIS/system_MK64F12.o   
Memory region         Used Size  Region Size  %age Used
   PROGRAM_FLASH:       13848 B         1 MB      1.32%
      SRAM_UPPER:        8396 B       192 KB      4.27%
      SRAM_LOWER:          0 GB        64 KB      0.00%
        FLEX_RAM:          0 GB         4 KB      0.00%
Finished building target: practica2.axf
 
make --no-print-directory post-build
Performing post-build steps
arm-none-eabi-size "practica2.axf"; # arm-none-eabi-objcopy -v -O binary "practica2.axf" "practica2.bin" ; # checksum -p MK64FN1M0xxx12 -d "practica2.bin";
   text	   data	    bss	    dec	    hex	filename
  13848	      0	   8396	  22244	   56e4	practica2.axf
 
00:14:08 **** Incremental Build of configuration Debug for project practica2 ****
make -r -j3 all 
make: Nothing to be done for `all'.
00:29:01 **** Incremental Build of configuration Debug for project practica2 ****
make -r -j3 all 
Building file: ../source/main.c
Invoking: MCU C Compiler
arm-none-eabi-gcc -DCR_INTEGER_PRINTF -DSDK_DEBUGCONSOLE=0 -D__MCUXPRESSO -D__USE_CMSIS -DDEBUG -DSDK_OS_BAREMETAL -DFSL_RTOS_BM -DCPU_MK64FN1M0VLL12 -DCPU_MK64FN1M0VLL12_cm4 -D__REDLIB__ -I"/Sistemas_Embebidos/Practica2/practica2/source" -I"/Sistemas_Embebidos/Practica2/practica2" -I"/Sistemas_Embebidos/Practica2/practica2/startup" -I"/Sistemas_Embebidos/Practica2/practica2/CMSIS" -I/Users/Roberto/mcuxpresso/SDKPackages/SDK_2/CMSIS/Include -I/Users/Roberto/mcuxpresso/SDKPackages/SDK_2/CMSIS -I/Users/Roberto/mcuxpresso/SDKPackages/SDK_2/devices/MK64F12 -I/Users/Roberto/mcuxpresso/SDKPackages/SDK_2/devices -O0 -fno-common -g3 -Wall -c -fmessage-length=0 -fno-builtin -ffunction-sections -fdata-sections -mcpu=cortex-m4 -mfpu=fpv4-sp-d16 -mfloat-abi=hard -mthumb -D__REDLIB__ -specs=redlib.specs -MMD -MP -MF"source/main.d" -MT"source/main.o" -MT"source/main.d" -o "source/main.o" "../source/main.c"
In file included from ../source/main.c:18:0:
../source/SPI.h:111:13: warning: 'SPI_enable' declared 'static' but never defined [-Wunused-function]
 static void SPI_enable(SPI_ChannelType);
             ^
../source/SPI.h:113:13: warning: 'SPI_clk' declared 'static' but never defined [-Wunused-function]
 static void SPI_clk(SPI_ChannelType);
             ^
../source/SPI.h:115:13: warning: 'SPI_setMaster' declared 'static' but never defined [-Wunused-function]
 static void SPI_setMaster(SPI_ChannelType channel, SPI_MasterType masterOrSlave);
             ^
../source/SPI.h:117:13: warning: 'SPI_fIFO' declared 'static' but never defined [-Wunused-function]
 static void SPI_fIFO(SPI_ChannelType channel, SPI_EnableFIFOType enableOrDisable);
             ^
../source/SPI.h:119:13: warning: 'SPI_clockPolarity' declared 'static' but never defined [-Wunused-function]
 static void SPI_clockPolarity(SPI_ChannelType channel, SPI_PolarityType cpol);
             ^
../source/SPI.h:121:13: warning: 'SPI_frameSize' declared 'static' but never defined [-Wunused-function]
 static void SPI_frameSize(SPI_ChannelType channel, uint32 frameSize);
             ^
../source/SPI.h:123:13: warning: 'SPI_clockPhase' declared 'static' but never defined [-Wunused-function]
 static void SPI_clockPhase(SPI_ChannelType channel, SPI_PhaseType cpha);
             ^
../source/SPI.h:125:13: warning: 'SPI_baudRate' declared 'static' but never defined [-Wunused-function]
 static void SPI_baudRate(SPI_ChannelType channel, uint32 baudRate);
             ^
../source/SPI.h:127:13: warning: 'SPI_mSBFirst' declared 'static' but never defined [-Wunused-function]
 static void SPI_mSBFirst(SPI_ChannelType channel, SPI_LSMorMSBType msb);
             ^
Finished building: ../source/main.c
 
Building target: practica2.axf
Invoking: MCU Linker
arm-none-eabi-gcc -nostdlib -Xlinker -Map="practica2.map" -Xlinker --gc-sections -Xlinker -print-memory-usage -mcpu=cortex-m4 -mfpu=fpv4-sp-d16 -mfloat-abi=hard -mthumb -T practica2_Debug.ld -o "practica2.axf"  ./startup/startup_mk64f12.o  ./source/GPIO.o ./source/GlobalFunctions.o ./source/LCDFunctions.o ./source/LCDNokia5110.o ./source/LCDNokia5110Images.o ./source/NVIC.o ./source/SPI.o ./source/main.o  ./CMSIS/system_MK64F12.o   
Memory region         Used Size  Region Size  %age Used
   PROGRAM_FLASH:       13924 B         1 MB      1.33%
      SRAM_UPPER:        8396 B       192 KB      4.27%
      SRAM_LOWER:          0 GB        64 KB      0.00%
        FLEX_RAM:          0 GB         4 KB      0.00%
Finished building target: practica2.axf
 
make --no-print-directory post-build
Performing post-build steps
arm-none-eabi-size "practica2.axf"; # arm-none-eabi-objcopy -v -O binary "practica2.axf" "practica2.bin" ; # checksum -p MK64FN1M0xxx12 -d "practica2.bin";
   text	   data	    bss	    dec	    hex	filename
  13924	      0	   8396	  22320	   5730	practica2.axf
 
00:29:09 **** Incremental Build of configuration Debug for project practica2 ****
make -r -j3 all 
make: Nothing to be done for `all'.
00:29:10 **** Incremental Build of configuration Debug for project practica2 ****
make -r -j3 all 
make: Nothing to be done for `all'.
00:31:40 **** Incremental Build of configuration Debug for project practica2 ****
make -r -j3 all 
Building file: ../source/main.c
Invoking: MCU C Compiler
arm-none-eabi-gcc -DCR_INTEGER_PRINTF -DSDK_DEBUGCONSOLE=0 -D__MCUXPRESSO -D__USE_CMSIS -DDEBUG -DSDK_OS_BAREMETAL -DFSL_RTOS_BM -DCPU_MK64FN1M0VLL12 -DCPU_MK64FN1M0VLL12_cm4 -D__REDLIB__ -I"/Sistemas_Embebidos/Practica2/practica2/source" -I"/Sistemas_Embebidos/Practica2/practica2" -I"/Sistemas_Embebidos/Practica2/practica2/startup" -I"/Sistemas_Embebidos/Practica2/practica2/CMSIS" -I/Users/Roberto/mcuxpresso/SDKPackages/SDK_2/CMSIS/Include -I/Users/Roberto/mcuxpresso/SDKPackages/SDK_2/CMSIS -I/Users/Roberto/mcuxpresso/SDKPackages/SDK_2/devices/MK64F12 -I/Users/Roberto/mcuxpresso/SDKPackages/SDK_2/devices -O0 -fno-common -g3 -Wall -c -fmessage-length=0 -fno-builtin -ffunction-sections -fdata-sections -mcpu=cortex-m4 -mfpu=fpv4-sp-d16 -mfloat-abi=hard -mthumb -D__REDLIB__ -specs=redlib.specs -MMD -MP -MF"source/main.d" -MT"source/main.o" -MT"source/main.d" -o "source/main.o" "../source/main.c"
In file included from ../source/main.c:18:0:
../source/SPI.h:111:13: warning: 'SPI_enable' declared 'static' but never defined [-Wunused-function]
 static void SPI_enable(SPI_ChannelType);
             ^
../source/SPI.h:113:13: warning: 'SPI_clk' declared 'static' but never defined [-Wunused-function]
 static void SPI_clk(SPI_ChannelType);
             ^
../source/SPI.h:115:13: warning: 'SPI_setMaster' declared 'static' but never defined [-Wunused-function]
 static void SPI_setMaster(SPI_ChannelType channel, SPI_MasterType masterOrSlave);
             ^
../source/SPI.h:117:13: warning: 'SPI_fIFO' declared 'static' but never defined [-Wunused-function]
 static void SPI_fIFO(SPI_ChannelType channel, SPI_EnableFIFOType enableOrDisable);
             ^
../source/SPI.h:119:13: warning: 'SPI_clockPolarity' declared 'static' but never defined [-Wunused-function]
 static void SPI_clockPolarity(SPI_ChannelType channel, SPI_PolarityType cpol);
             ^
../source/SPI.h:121:13: warning: 'SPI_frameSize' declared 'static' but never defined [-Wunused-function]
 static void SPI_frameSize(SPI_ChannelType channel, uint32 frameSize);
             ^
../source/SPI.h:123:13: warning: 'SPI_clockPhase' declared 'static' but never defined [-Wunused-function]
 static void SPI_clockPhase(SPI_ChannelType channel, SPI_PhaseType cpha);
             ^
../source/SPI.h:125:13: warning: 'SPI_baudRate' declared 'static' but never defined [-Wunused-function]
 static void SPI_baudRate(SPI_ChannelType channel, uint32 baudRate);
             ^
../source/SPI.h:127:13: warning: 'SPI_mSBFirst' declared 'static' but never defined [-Wunused-function]
 static void SPI_mSBFirst(SPI_ChannelType channel, SPI_LSMorMSBType msb);
             ^
Finished building: ../source/main.c
 
Building target: practica2.axf
Invoking: MCU Linker
arm-none-eabi-gcc -nostdlib -Xlinker -Map="practica2.map" -Xlinker --gc-sections -Xlinker -print-memory-usage -mcpu=cortex-m4 -mfpu=fpv4-sp-d16 -mfloat-abi=hard -mthumb -T practica2_Debug.ld -o "practica2.axf"  ./startup/startup_mk64f12.o  ./source/GPIO.o ./source/GlobalFunctions.o ./source/LCDFunctions.o ./source/LCDNokia5110.o ./source/LCDNokia5110Images.o ./source/NVIC.o ./source/SPI.o ./source/main.o  ./CMSIS/system_MK64F12.o   
Memory region         Used Size  Region Size  %age Used
   PROGRAM_FLASH:       13916 B         1 MB      1.33%
      SRAM_UPPER:        8396 B       192 KB      4.27%
      SRAM_LOWER:          0 GB        64 KB      0.00%
        FLEX_RAM:          0 GB         4 KB      0.00%
Finished building target: practica2.axf
 
make --no-print-directory post-build
Performing post-build steps
arm-none-eabi-size "practica2.axf"; # arm-none-eabi-objcopy -v -O binary "practica2.axf" "practica2.bin" ; # checksum -p MK64FN1M0xxx12 -d "practica2.bin";
   text	   data	    bss	    dec	    hex	filename
  13916	      0	   8396	  22312	   5728	practica2.axf
 
00:31:53 **** Incremental Build of configuration Debug for project practica2 ****
make -r -j3 all 
make: Nothing to be done for `all'.
00:31:54 **** Incremental Build of configuration Debug for project practica2 ****
make -r -j3 all 
make: Nothing to be done for `all'.
00:50:10 **** Incremental Build of configuration Debug for project practica2 ****
make -r -j3 all 
Building file: ../source/main.c
Invoking: MCU C Compiler
arm-none-eabi-gcc -DCR_INTEGER_PRINTF -DSDK_DEBUGCONSOLE=0 -D__MCUXPRESSO -D__USE_CMSIS -DDEBUG -DSDK_OS_BAREMETAL -DFSL_RTOS_BM -DCPU_MK64FN1M0VLL12 -DCPU_MK64FN1M0VLL12_cm4 -D__REDLIB__ -I"/Sistemas_Embebidos/Practica2/practica2/source" -I"/Sistemas_Embebidos/Practica2/practica2" -I"/Sistemas_Embebidos/Practica2/practica2/startup" -I"/Sistemas_Embebidos/Practica2/practica2/CMSIS" -I/Users/Roberto/mcuxpresso/SDKPackages/SDK_2/CMSIS/Include -I/Users/Roberto/mcuxpresso/SDKPackages/SDK_2/CMSIS -I/Users/Roberto/mcuxpresso/SDKPackages/SDK_2/devices/MK64F12 -I/Users/Roberto/mcuxpresso/SDKPackages/SDK_2/devices -O0 -fno-common -g3 -Wall -c -fmessage-length=0 -fno-builtin -ffunction-sections -fdata-sections -mcpu=cortex-m4 -mfpu=fpv4-sp-d16 -mfloat-abi=hard -mthumb -D__REDLIB__ -specs=redlib.specs -MMD -MP -MF"source/main.d" -MT"source/main.o" -MT"source/main.d" -o "source/main.o" "../source/main.c"
In file included from ../source/main.c:18:0:
../source/SPI.h:111:13: warning: 'SPI_enable' declared 'static' but never defined [-Wunused-function]
 static void SPI_enable(SPI_ChannelType);
             ^
../source/SPI.h:113:13: warning: 'SPI_clk' declared 'static' but never defined [-Wunused-function]
 static void SPI_clk(SPI_ChannelType);
             ^
../source/SPI.h:115:13: warning: 'SPI_setMaster' declared 'static' but never defined [-Wunused-function]
 static void SPI_setMaster(SPI_ChannelType channel, SPI_MasterType masterOrSlave);
             ^
../source/SPI.h:117:13: warning: 'SPI_fIFO' declared 'static' but never defined [-Wunused-function]
 static void SPI_fIFO(SPI_ChannelType channel, SPI_EnableFIFOType enableOrDisable);
             ^
../source/SPI.h:119:13: warning: 'SPI_clockPolarity' declared 'static' but never defined [-Wunused-function]
 static void SPI_clockPolarity(SPI_ChannelType channel, SPI_PolarityType cpol);
             ^
../source/SPI.h:121:13: warning: 'SPI_frameSize' declared 'static' but never defined [-Wunused-function]
 static void SPI_frameSize(SPI_ChannelType channel, uint32 frameSize);
             ^
../source/SPI.h:123:13: warning: 'SPI_clockPhase' declared 'static' but never defined [-Wunused-function]
 static void SPI_clockPhase(SPI_ChannelType channel, SPI_PhaseType cpha);
             ^
../source/SPI.h:125:13: warning: 'SPI_baudRate' declared 'static' but never defined [-Wunused-function]
 static void SPI_baudRate(SPI_ChannelType channel, uint32 baudRate);
             ^
../source/SPI.h:127:13: warning: 'SPI_mSBFirst' declared 'static' but never defined [-Wunused-function]
 static void SPI_mSBFirst(SPI_ChannelType channel, SPI_LSMorMSBType msb);
             ^
Finished building: ../source/main.c
 
Building target: practica2.axf
Invoking: MCU Linker
arm-none-eabi-gcc -nostdlib -Xlinker -Map="practica2.map" -Xlinker --gc-sections -Xlinker -print-memory-usage -mcpu=cortex-m4 -mfpu=fpv4-sp-d16 -mfloat-abi=hard -mthumb -T practica2_Debug.ld -o "practica2.axf"  ./startup/startup_mk64f12.o  ./source/GPIO.o ./source/GlobalFunctions.o ./source/LCDFunctions.o ./source/LCDNokia5110.o ./source/LCDNokia5110Images.o ./source/NVIC.o ./source/SPI.o ./source/main.o  ./CMSIS/system_MK64F12.o   
Memory region         Used Size  Region Size  %age Used
   PROGRAM_FLASH:       13984 B         1 MB      1.33%
      SRAM_UPPER:        8396 B       192 KB      4.27%
      SRAM_LOWER:          0 GB        64 KB      0.00%
        FLEX_RAM:          0 GB         4 KB      0.00%
Finished building target: practica2.axf
 
make --no-print-directory post-build
Performing post-build steps
arm-none-eabi-size "practica2.axf"; # arm-none-eabi-objcopy -v -O binary "practica2.axf" "practica2.bin" ; # checksum -p MK64FN1M0xxx12 -d "practica2.bin";
   text	   data	    bss	    dec	    hex	filename
  13984	      0	   8396	  22380	   576c	practica2.axf
 
00:50:15 **** Incremental Build of configuration Debug for project practica2 ****
make -r -j3 all 
make: Nothing to be done for `all'.
00:50:16 **** Incremental Build of configuration Debug for project practica2 ****
make -r -j3 all 
make: Nothing to be done for `all'.
00:50:25 **** Incremental Build of configuration Debug for project practica2 ****
make -r -j3 all 
make: Nothing to be done for `all'.
00:56:00 **** Incremental Build of configuration Debug for project practica2 ****
make -r -j3 all 
Building file: ../source/main.c
Invoking: MCU C Compiler
arm-none-eabi-gcc -DCR_INTEGER_PRINTF -DSDK_DEBUGCONSOLE=0 -D__MCUXPRESSO -D__USE_CMSIS -DDEBUG -DSDK_OS_BAREMETAL -DFSL_RTOS_BM -DCPU_MK64FN1M0VLL12 -DCPU_MK64FN1M0VLL12_cm4 -D__REDLIB__ -I"/Sistemas_Embebidos/Practica2/practica2/source" -I"/Sistemas_Embebidos/Practica2/practica2" -I"/Sistemas_Embebidos/Practica2/practica2/startup" -I"/Sistemas_Embebidos/Practica2/practica2/CMSIS" -I/Users/Roberto/mcuxpresso/SDKPackages/SDK_2/CMSIS/Include -I/Users/Roberto/mcuxpresso/SDKPackages/SDK_2/CMSIS -I/Users/Roberto/mcuxpresso/SDKPackages/SDK_2/devices/MK64F12 -I/Users/Roberto/mcuxpresso/SDKPackages/SDK_2/devices -O0 -fno-common -g3 -Wall -c -fmessage-length=0 -fno-builtin -ffunction-sections -fdata-sections -mcpu=cortex-m4 -mfpu=fpv4-sp-d16 -mfloat-abi=hard -mthumb -D__REDLIB__ -specs=redlib.specs -MMD -MP -MF"source/main.d" -MT"source/main.o" -MT"source/main.d" -o "source/main.o" "../source/main.c"
In file included from ../source/main.c:18:0:
../source/SPI.h:111:13: warning: 'SPI_enable' declared 'static' but never defined [-Wunused-function]
 static void SPI_enable(SPI_ChannelType);
             ^
../source/SPI.h:113:13: warning: 'SPI_clk' declared 'static' but never defined [-Wunused-function]
 static void SPI_clk(SPI_ChannelType);
             ^
../source/SPI.h:115:13: warning: 'SPI_setMaster' declared 'static' but never defined [-Wunused-function]
 static void SPI_setMaster(SPI_ChannelType channel, SPI_MasterType masterOrSlave);
             ^
../source/SPI.h:117:13: warning: 'SPI_fIFO' declared 'static' but never defined [-Wunused-function]
 static void SPI_fIFO(SPI_ChannelType channel, SPI_EnableFIFOType enableOrDisable);
             ^
../source/SPI.h:119:13: warning: 'SPI_clockPolarity' declared 'static' but never defined [-Wunused-function]
 static void SPI_clockPolarity(SPI_ChannelType channel, SPI_PolarityType cpol);
             ^
../source/SPI.h:121:13: warning: 'SPI_frameSize' declared 'static' but never defined [-Wunused-function]
 static void SPI_frameSize(SPI_ChannelType channel, uint32 frameSize);
             ^
../source/SPI.h:123:13: warning: 'SPI_clockPhase' declared 'static' but never defined [-Wunused-function]
 static void SPI_clockPhase(SPI_ChannelType channel, SPI_PhaseType cpha);
             ^
../source/SPI.h:125:13: warning: 'SPI_baudRate' declared 'static' but never defined [-Wunused-function]
 static void SPI_baudRate(SPI_ChannelType channel, uint32 baudRate);
             ^
../source/SPI.h:127:13: warning: 'SPI_mSBFirst' declared 'static' but never defined [-Wunused-function]
 static void SPI_mSBFirst(SPI_ChannelType channel, SPI_LSMorMSBType msb);
             ^
Finished building: ../source/main.c
 
Building target: practica2.axf
Invoking: MCU Linker
arm-none-eabi-gcc -nostdlib -Xlinker -Map="practica2.map" -Xlinker --gc-sections -Xlinker -print-memory-usage -mcpu=cortex-m4 -mfpu=fpv4-sp-d16 -mfloat-abi=hard -mthumb -T practica2_Debug.ld -o "practica2.axf"  ./startup/startup_mk64f12.o  ./source/GPIO.o ./source/GlobalFunctions.o ./source/LCDFunctions.o ./source/LCDNokia5110.o ./source/LCDNokia5110Images.o ./source/NVIC.o ./source/SPI.o ./source/main.o  ./CMSIS/system_MK64F12.o   
Memory region         Used Size  Region Size  %age Used
   PROGRAM_FLASH:       14052 B         1 MB      1.34%
      SRAM_UPPER:        8396 B       192 KB      4.27%
      SRAM_LOWER:          0 GB        64 KB      0.00%
        FLEX_RAM:          0 GB         4 KB      0.00%
Finished building target: practica2.axf
 
make --no-print-directory post-build
Performing post-build steps
arm-none-eabi-size "practica2.axf"; # arm-none-eabi-objcopy -v -O binary "practica2.axf" "practica2.bin" ; # checksum -p MK64FN1M0xxx12 -d "practica2.bin";
   text	   data	    bss	    dec	    hex	filename
  14052	      0	   8396	  22448	   57b0	practica2.axf
 
00:56:07 **** Incremental Build of configuration Debug for project practica2 ****
make -r -j3 all 
make: Nothing to be done for `all'.
00:56:08 **** Incremental Build of configuration Debug for project practica2 ****
make -r -j3 all 
make: Nothing to be done for `all'.
01:00:11 **** Incremental Build of configuration Debug for project practica2 ****
make -r -j3 all 
Building file: ../source/main.c
Invoking: MCU C Compiler
arm-none-eabi-gcc -DCR_INTEGER_PRINTF -DSDK_DEBUGCONSOLE=0 -D__MCUXPRESSO -D__USE_CMSIS -DDEBUG -DSDK_OS_BAREMETAL -DFSL_RTOS_BM -DCPU_MK64FN1M0VLL12 -DCPU_MK64FN1M0VLL12_cm4 -D__REDLIB__ -I"/Sistemas_Embebidos/Practica2/practica2/source" -I"/Sistemas_Embebidos/Practica2/practica2" -I"/Sistemas_Embebidos/Practica2/practica2/startup" -I"/Sistemas_Embebidos/Practica2/practica2/CMSIS" -I/Users/Roberto/mcuxpresso/SDKPackages/SDK_2/CMSIS/Include -I/Users/Roberto/mcuxpresso/SDKPackages/SDK_2/CMSIS -I/Users/Roberto/mcuxpresso/SDKPackages/SDK_2/devices/MK64F12 -I/Users/Roberto/mcuxpresso/SDKPackages/SDK_2/devices -O0 -fno-common -g3 -Wall -c -fmessage-length=0 -fno-builtin -ffunction-sections -fdata-sections -mcpu=cortex-m4 -mfpu=fpv4-sp-d16 -mfloat-abi=hard -mthumb -D__REDLIB__ -specs=redlib.specs -MMD -MP -MF"source/main.d" -MT"source/main.o" -MT"source/main.d" -o "source/main.o" "../source/main.c"
In file included from ../source/main.c:18:0:
../source/SPI.h:111:13: warning: 'SPI_enable' declared 'static' but never defined [-Wunused-function]
 static void SPI_enable(SPI_ChannelType);
             ^
../source/SPI.h:113:13: warning: 'SPI_clk' declared 'static' but never defined [-Wunused-function]
 static void SPI_clk(SPI_ChannelType);
             ^
../source/SPI.h:115:13: warning: 'SPI_setMaster' declared 'static' but never defined [-Wunused-function]
 static void SPI_setMaster(SPI_ChannelType channel, SPI_MasterType masterOrSlave);
             ^
../source/SPI.h:117:13: warning: 'SPI_fIFO' declared 'static' but never defined [-Wunused-function]
 static void SPI_fIFO(SPI_ChannelType channel, SPI_EnableFIFOType enableOrDisable);
             ^
../source/SPI.h:119:13: warning: 'SPI_clockPolarity' declared 'static' but never defined [-Wunused-function]
 static void SPI_clockPolarity(SPI_ChannelType channel, SPI_PolarityType cpol);
             ^
../source/SPI.h:121:13: warning: 'SPI_frameSize' declared 'static' but never defined [-Wunused-function]
 static void SPI_frameSize(SPI_ChannelType channel, uint32 frameSize);
             ^
../source/SPI.h:123:13: warning: 'SPI_clockPhase' declared 'static' but never defined [-Wunused-function]
 static void SPI_clockPhase(SPI_ChannelType channel, SPI_PhaseType cpha);
             ^
../source/SPI.h:125:13: warning: 'SPI_baudRate' declared 'static' but never defined [-Wunused-function]
 static void SPI_baudRate(SPI_ChannelType channel, uint32 baudRate);
             ^
../source/SPI.h:127:13: warning: 'SPI_mSBFirst' declared 'static' but never defined [-Wunused-function]
 static void SPI_mSBFirst(SPI_ChannelType channel, SPI_LSMorMSBType msb);
             ^
Finished building: ../source/main.c
 
Building target: practica2.axf
Invoking: MCU Linker
arm-none-eabi-gcc -nostdlib -Xlinker -Map="practica2.map" -Xlinker --gc-sections -Xlinker -print-memory-usage -mcpu=cortex-m4 -mfpu=fpv4-sp-d16 -mfloat-abi=hard -mthumb -T practica2_Debug.ld -o "practica2.axf"  ./startup/startup_mk64f12.o  ./source/GPIO.o ./source/GlobalFunctions.o ./source/LCDFunctions.o ./source/LCDNokia5110.o ./source/LCDNokia5110Images.o ./source/NVIC.o ./source/SPI.o ./source/main.o  ./CMSIS/system_MK64F12.o   
Memory region         Used Size  Region Size  %age Used
   PROGRAM_FLASH:       14188 B         1 MB      1.35%
      SRAM_UPPER:        8396 B       192 KB      4.27%
      SRAM_LOWER:          0 GB        64 KB      0.00%
        FLEX_RAM:          0 GB         4 KB      0.00%
Finished building target: practica2.axf
 
make --no-print-directory post-build
Performing post-build steps
arm-none-eabi-size "practica2.axf"; # arm-none-eabi-objcopy -v -O binary "practica2.axf" "practica2.bin" ; # checksum -p MK64FN1M0xxx12 -d "practica2.bin";
   text	   data	    bss	    dec	    hex	filename
  14188	      0	   8396	  22584	   5838	practica2.axf
 
01:00:17 **** Incremental Build of configuration Debug for project practica2 ****
make -r -j3 all 
make: Nothing to be done for `all'.
01:00:18 **** Incremental Build of configuration Debug for project practica2 ****
make -r -j3 all 
make: Nothing to be done for `all'.
01:02:04 **** Incremental Build of configuration Debug for project practica2 ****
make -r -j3 all 
Building file: ../source/main.c
Invoking: MCU C Compiler
arm-none-eabi-gcc -DCR_INTEGER_PRINTF -DSDK_DEBUGCONSOLE=0 -D__MCUXPRESSO -D__USE_CMSIS -DDEBUG -DSDK_OS_BAREMETAL -DFSL_RTOS_BM -DCPU_MK64FN1M0VLL12 -DCPU_MK64FN1M0VLL12_cm4 -D__REDLIB__ -I"/Sistemas_Embebidos/Practica2/practica2/source" -I"/Sistemas_Embebidos/Practica2/practica2" -I"/Sistemas_Embebidos/Practica2/practica2/startup" -I"/Sistemas_Embebidos/Practica2/practica2/CMSIS" -I/Users/Roberto/mcuxpresso/SDKPackages/SDK_2/CMSIS/Include -I/Users/Roberto/mcuxpresso/SDKPackages/SDK_2/CMSIS -I/Users/Roberto/mcuxpresso/SDKPackages/SDK_2/devices/MK64F12 -I/Users/Roberto/mcuxpresso/SDKPackages/SDK_2/devices -O0 -fno-common -g3 -Wall -c -fmessage-length=0 -fno-builtin -ffunction-sections -fdata-sections -mcpu=cortex-m4 -mfpu=fpv4-sp-d16 -mfloat-abi=hard -mthumb -D__REDLIB__ -specs=redlib.specs -MMD -MP -MF"source/main.d" -MT"source/main.o" -MT"source/main.d" -o "source/main.o" "../source/main.c"
In file included from ../source/main.c:18:0:
../source/SPI.h:111:13: warning: 'SPI_enable' declared 'static' but never defined [-Wunused-function]
 static void SPI_enable(SPI_ChannelType);
             ^
../source/SPI.h:113:13: warning: 'SPI_clk' declared 'static' but never defined [-Wunused-function]
 static void SPI_clk(SPI_ChannelType);
             ^
../source/SPI.h:115:13: warning: 'SPI_setMaster' declared 'static' but never defined [-Wunused-function]
 static void SPI_setMaster(SPI_ChannelType channel, SPI_MasterType masterOrSlave);
             ^
../source/SPI.h:117:13: warning: 'SPI_fIFO' declared 'static' but never defined [-Wunused-function]
 static void SPI_fIFO(SPI_ChannelType channel, SPI_EnableFIFOType enableOrDisable);
             ^
../source/SPI.h:119:13: warning: 'SPI_clockPolarity' declared 'static' but never defined [-Wunused-function]
 static void SPI_clockPolarity(SPI_ChannelType channel, SPI_PolarityType cpol);
             ^
../source/SPI.h:121:13: warning: 'SPI_frameSize' declared 'static' but never defined [-Wunused-function]
 static void SPI_frameSize(SPI_ChannelType channel, uint32 frameSize);
             ^
../source/SPI.h:123:13: warning: 'SPI_clockPhase' declared 'static' but never defined [-Wunused-function]
 static void SPI_clockPhase(SPI_ChannelType channel, SPI_PhaseType cpha);
             ^
../source/SPI.h:125:13: warning: 'SPI_baudRate' declared 'static' but never defined [-Wunused-function]
 static void SPI_baudRate(SPI_ChannelType channel, uint32 baudRate);
             ^
../source/SPI.h:127:13: warning: 'SPI_mSBFirst' declared 'static' but never defined [-Wunused-function]
 static void SPI_mSBFirst(SPI_ChannelType channel, SPI_LSMorMSBType msb);
             ^
Finished building: ../source/main.c
 
Building target: practica2.axf
Invoking: MCU Linker
arm-none-eabi-gcc -nostdlib -Xlinker -Map="practica2.map" -Xlinker --gc-sections -Xlinker -print-memory-usage -mcpu=cortex-m4 -mfpu=fpv4-sp-d16 -mfloat-abi=hard -mthumb -T practica2_Debug.ld -o "practica2.axf"  ./startup/startup_mk64f12.o  ./source/GPIO.o ./source/GlobalFunctions.o ./source/LCDFunctions.o ./source/LCDNokia5110.o ./source/LCDNokia5110Images.o ./source/NVIC.o ./source/SPI.o ./source/main.o  ./CMSIS/system_MK64F12.o   
Memory region         Used Size  Region Size  %age Used
   PROGRAM_FLASH:       14188 B         1 MB      1.35%
      SRAM_UPPER:        8396 B       192 KB      4.27%
      SRAM_LOWER:          0 GB        64 KB      0.00%
        FLEX_RAM:          0 GB         4 KB      0.00%
Finished building target: practica2.axf
 
make --no-print-directory post-build
Performing post-build steps
arm-none-eabi-size "practica2.axf"; # arm-none-eabi-objcopy -v -O binary "practica2.axf" "practica2.bin" ; # checksum -p MK64FN1M0xxx12 -d "practica2.bin";
   text	   data	    bss	    dec	    hex	filename
  14188	      0	   8396	  22584	   5838	practica2.axf
 
01:02:12 **** Incremental Build of configuration Debug for project practica2 ****
make -r -j3 all 
make: Nothing to be done for `all'.
01:02:13 **** Incremental Build of configuration Debug for project practica2 ****
make -r -j3 all 
make: Nothing to be done for `all'.
01:05:15 **** Incremental Build of configuration Debug for project practica2 ****
make -r -j3 all 
make: Nothing to be done for `all'.
01:05:16 **** Incremental Build of configuration Debug for project practica2 ****
make -r -j3 all 
make: Nothing to be done for `all'.
