02:20:41 **** Incremental Build of configuration Debug for project practica2 ****
make -r -j3 all 
Building file: ../source/LCDFunctions.c
Invoking: MCU C Compiler
arm-none-eabi-gcc -DCR_INTEGER_PRINTF -DSDK_DEBUGCONSOLE=0 -D__MCUXPRESSO -D__USE_CMSIS -DDEBUG -DSDK_OS_BAREMETAL -DFSL_RTOS_BM -DCPU_MK64FN1M0VLL12 -DCPU_MK64FN1M0VLL12_cm4 -D__REDLIB__ -I"/Sistemas_Embebidos/Practica2/practica2/source" -I"/Sistemas_Embebidos/Practica2/practica2" -I"/Sistemas_Embebidos/Practica2/practica2/startup" -I"/Sistemas_Embebidos/Practica2/practica2/CMSIS" -I/Users/Roberto/mcuxpresso/SDKPackages/SDK_2/CMSIS/Include -I/Users/Roberto/mcuxpresso/SDKPackages/SDK_2/CMSIS -I/Users/Roberto/mcuxpresso/SDKPackages/SDK_2/devices/MK64F12 -I/Users/Roberto/mcuxpresso/SDKPackages/SDK_2/devices -O0 -fno-common -g3 -Wall -c -fmessage-length=0 -fno-builtin -ffunction-sections -fdata-sections -mcpu=cortex-m4 -mfpu=fpv4-sp-d16 -mfloat-abi=hard -mthumb -D__REDLIB__ -specs=redlib.specs -MMD -MP -MF"source/LCDFunctions.d" -MT"source/LCDFunctions.o" -MT"source/LCDFunctions.d" -o "source/LCDFunctions.o" "../source/LCDFunctions.c"
../source/LCDFunctions.c: In function 'convierteAFahrenheit':
../source/LCDFunctions.c:557:23: error: incompatible type for argument 1 of 'LCDNokia_sendString'
   LCDNokia_sendString(tempFahr);
                       ^
In file included from ../source/LCDFunctions.c:9:0:
../source/LCDNokia5110.h:36:6: note: expected 'uint8 * {aka unsigned char *}' but argument is of type 'float'
 void LCDNokia_sendString(uint8*);
      ^
../source/LCDFunctions.c:548:9: warning: unused variable 'punto' [-Wunused-variable]
   uint8 punto = 0x2E;
         ^
../source/LCDFunctions.c:547:9: warning: unused variable 'fahrenheit' [-Wunused-variable]
   uint8 fahrenheit[] = "'F";
         ^
make: *** [source/LCDFunctions.o] Error 1
02:28:36 **** Incremental Build of configuration Debug for project practica2 ****
make -r -j3 all 
Building file: ../source/LCDFunctions.c
Invoking: MCU C Compiler
arm-none-eabi-gcc -DCR_INTEGER_PRINTF -DSDK_DEBUGCONSOLE=0 -D__MCUXPRESSO -D__USE_CMSIS -DDEBUG -DSDK_OS_BAREMETAL -DFSL_RTOS_BM -DCPU_MK64FN1M0VLL12 -DCPU_MK64FN1M0VLL12_cm4 -D__REDLIB__ -I"/Sistemas_Embebidos/Practica2/practica2/source" -I"/Sistemas_Embebidos/Practica2/practica2" -I"/Sistemas_Embebidos/Practica2/practica2/startup" -I"/Sistemas_Embebidos/Practica2/practica2/CMSIS" -I/Users/Roberto/mcuxpresso/SDKPackages/SDK_2/CMSIS/Include -I/Users/Roberto/mcuxpresso/SDKPackages/SDK_2/CMSIS -I/Users/Roberto/mcuxpresso/SDKPackages/SDK_2/devices/MK64F12 -I/Users/Roberto/mcuxpresso/SDKPackages/SDK_2/devices -O0 -fno-common -g3 -Wall -c -fmessage-length=0 -fno-builtin -ffunction-sections -fdata-sections -mcpu=cortex-m4 -mfpu=fpv4-sp-d16 -mfloat-abi=hard -mthumb -D__REDLIB__ -specs=redlib.specs -MMD -MP -MF"source/LCDFunctions.d" -MT"source/LCDFunctions.o" -MT"source/LCDFunctions.d" -o "source/LCDFunctions.o" "../source/LCDFunctions.c"
../source/LCDFunctions.c: In function 'convierteAFahrenheit':
../source/LCDFunctions.c:549:9: warning: unused variable 'punto' [-Wunused-variable]
   uint8 punto = 0x2E;
         ^
../source/LCDFunctions.c:548:9: warning: unused variable 'fahrenheit' [-Wunused-variable]
   uint8 fahrenheit[] = "'F";
         ^
Finished building: ../source/LCDFunctions.c
 
Building target: practica2.axf
Invoking: MCU Linker
arm-none-eabi-gcc -nostdlib -Xlinker -Map="practica2.map" -Xlinker --gc-sections -Xlinker -print-memory-usage -mcpu=cortex-m4 -mfpu=fpv4-sp-d16 -mfloat-abi=hard -mthumb -T practica2_Debug.ld -o "practica2.axf"  ./startup/startup_mk64f12.o  ./source/GPIO.o ./source/GlobalFunctions.o ./source/LCDFunctions.o ./source/LCDNokia5110.o ./source/NVIC.o ./source/SPI.o ./source/main.o  ./CMSIS/system_MK64F12.o   
Memory region         Used Size  Region Size  %age Used
   PROGRAM_FLASH:       14480 B         1 MB      1.38%
      SRAM_UPPER:        8408 B       192 KB      4.28%
      SRAM_LOWER:          0 GB        64 KB      0.00%
        FLEX_RAM:          0 GB         4 KB      0.00%
Finished building target: practica2.axf
 
make --no-print-directory post-build
Performing post-build steps
arm-none-eabi-size "practica2.axf"; # arm-none-eabi-objcopy -v -O binary "practica2.axf" "practica2.bin" ; # checksum -p MK64FN1M0xxx12 -d "practica2.bin";
   text	   data	    bss	    dec	    hex	filename
  14472	      8	   8400	  22880	   5960	practica2.axf
 
02:30:44 **** Incremental Build of configuration Debug for project practica2 ****
make -r -j3 all 
Building file: ../source/LCDFunctions.c
Invoking: MCU C Compiler
arm-none-eabi-gcc -DCR_INTEGER_PRINTF -DSDK_DEBUGCONSOLE=0 -D__MCUXPRESSO -D__USE_CMSIS -DDEBUG -DSDK_OS_BAREMETAL -DFSL_RTOS_BM -DCPU_MK64FN1M0VLL12 -DCPU_MK64FN1M0VLL12_cm4 -D__REDLIB__ -I"/Sistemas_Embebidos/Practica2/practica2/source" -I"/Sistemas_Embebidos/Practica2/practica2" -I"/Sistemas_Embebidos/Practica2/practica2/startup" -I"/Sistemas_Embebidos/Practica2/practica2/CMSIS" -I/Users/Roberto/mcuxpresso/SDKPackages/SDK_2/CMSIS/Include -I/Users/Roberto/mcuxpresso/SDKPackages/SDK_2/CMSIS -I/Users/Roberto/mcuxpresso/SDKPackages/SDK_2/devices/MK64F12 -I/Users/Roberto/mcuxpresso/SDKPackages/SDK_2/devices -O0 -fno-common -g3 -Wall -c -fmessage-length=0 -fno-builtin -ffunction-sections -fdata-sections -mcpu=cortex-m4 -mfpu=fpv4-sp-d16 -mfloat-abi=hard -mthumb -D__REDLIB__ -specs=redlib.specs -MMD -MP -MF"source/LCDFunctions.d" -MT"source/LCDFunctions.o" -MT"source/LCDFunctions.d" -o "source/LCDFunctions.o" "../source/LCDFunctions.c"
../source/LCDFunctions.c: In function 'convierteAFahrenheit':
../source/LCDFunctions.c:551:9: warning: unused variable 'punto' [-Wunused-variable]
   uint8 punto = 0x2E;
         ^
../source/LCDFunctions.c:550:9: warning: unused variable 'fahrenheit' [-Wunused-variable]
   uint8 fahrenheit[] = "'F";
         ^
Finished building: ../source/LCDFunctions.c
 
Building target: practica2.axf
Invoking: MCU Linker
arm-none-eabi-gcc -nostdlib -Xlinker -Map="practica2.map" -Xlinker --gc-sections -Xlinker -print-memory-usage -mcpu=cortex-m4 -mfpu=fpv4-sp-d16 -mfloat-abi=hard -mthumb -T practica2_Debug.ld -o "practica2.axf"  ./startup/startup_mk64f12.o  ./source/GPIO.o ./source/GlobalFunctions.o ./source/LCDFunctions.o ./source/LCDNokia5110.o ./source/NVIC.o ./source/SPI.o ./source/main.o  ./CMSIS/system_MK64F12.o   
Memory region         Used Size  Region Size  %age Used
   PROGRAM_FLASH:       18808 B         1 MB      1.79%
      SRAM_UPPER:        8416 B       192 KB      4.28%
      SRAM_LOWER:          0 GB        64 KB      0.00%
        FLEX_RAM:          0 GB         4 KB      0.00%
Finished building target: practica2.axf
 
make --no-print-directory post-build
Performing post-build steps
arm-none-eabi-size "practica2.axf"; # arm-none-eabi-objcopy -v -O binary "practica2.axf" "practica2.bin" ; # checksum -p MK64FN1M0xxx12 -d "practica2.bin";
   text	   data	    bss	    dec	    hex	filename
  18800	      8	   8408	  27216	   6a50	practica2.axf
 
02:30:57 **** Incremental Build of configuration Debug for project practica2 ****
make -r -j3 all 
make: Nothing to be done for `all'.
02:30:58 **** Incremental Build of configuration Debug for project practica2 ****
make -r -j3 all 
make: Nothing to be done for `all'.
03:31:07 **** Incremental Build of configuration Debug for project practica2 ****
make -r -j3 all 
Building file: ../source/LCDFunctions.c
Invoking: MCU C Compiler
arm-none-eabi-gcc -DCR_INTEGER_PRINTF -DSDK_DEBUGCONSOLE=0 -D__MCUXPRESSO -D__USE_CMSIS -DDEBUG -DSDK_OS_BAREMETAL -DFSL_RTOS_BM -DCPU_MK64FN1M0VLL12 -DCPU_MK64FN1M0VLL12_cm4 -D__REDLIB__ -I"/Sistemas_Embebidos/Practica2/practica2/source" -I"/Sistemas_Embebidos/Practica2/practica2" -I"/Sistemas_Embebidos/Practica2/practica2/startup" -I"/Sistemas_Embebidos/Practica2/practica2/CMSIS" -I/Users/Roberto/mcuxpresso/SDKPackages/SDK_2/CMSIS/Include -I/Users/Roberto/mcuxpresso/SDKPackages/SDK_2/CMSIS -I/Users/Roberto/mcuxpresso/SDKPackages/SDK_2/devices/MK64F12 -I/Users/Roberto/mcuxpresso/SDKPackages/SDK_2/devices -O0 -fno-common -g3 -Wall -c -fmessage-length=0 -fno-builtin -ffunction-sections -fdata-sections -mcpu=cortex-m4 -mfpu=fpv4-sp-d16 -mfloat-abi=hard -mthumb -D__REDLIB__ -specs=redlib.specs -MMD -MP -MF"source/LCDFunctions.d" -MT"source/LCDFunctions.o" -MT"source/LCDFunctions.d" -o "source/LCDFunctions.o" "../source/LCDFunctions.c"
../source/LCDFunctions.c: In function 'convierteAFahrenheit':
../source/LCDFunctions.c:552:9: warning: unused variable 'punto' [-Wunused-variable]
   uint8 punto = 0x2E;
         ^
../source/LCDFunctions.c:551:9: warning: unused variable 'fahrenheit' [-Wunused-variable]
   uint8 fahrenheit[] = "'F";
         ^
Finished building: ../source/LCDFunctions.c
 
Building target: practica2.axf
Invoking: MCU Linker
arm-none-eabi-gcc -nostdlib -Xlinker -Map="practica2.map" -Xlinker --gc-sections -Xlinker -print-memory-usage -mcpu=cortex-m4 -mfpu=fpv4-sp-d16 -mfloat-abi=hard -mthumb -T practica2_Debug.ld -o "practica2.axf"  ./startup/startup_mk64f12.o  ./source/GPIO.o ./source/GlobalFunctions.o ./source/LCDFunctions.o ./source/LCDNokia5110.o ./source/NVIC.o ./source/SPI.o ./source/main.o  ./CMSIS/system_MK64F12.o   
Memory region         Used Size  Region Size  %age Used
   PROGRAM_FLASH:       18840 B         1 MB      1.80%
      SRAM_UPPER:        8416 B       192 KB      4.28%
      SRAM_LOWER:          0 GB        64 KB      0.00%
        FLEX_RAM:          0 GB         4 KB      0.00%
Finished building target: practica2.axf
 
make --no-print-directory post-build
Performing post-build steps
arm-none-eabi-size "practica2.axf"; # arm-none-eabi-objcopy -v -O binary "practica2.axf" "practica2.bin" ; # checksum -p MK64FN1M0xxx12 -d "practica2.bin";
   text	   data	    bss	    dec	    hex	filename
  18832	      8	   8408	  27248	   6a70	practica2.axf
 
03:31:17 **** Incremental Build of configuration Debug for project practica2 ****
make -r -j3 all 
make: Nothing to be done for `all'.
03:31:18 **** Incremental Build of configuration Debug for project practica2 ****
make -r -j3 all 
make: Nothing to be done for `all'.
03:40:07 **** Incremental Build of configuration Debug for project practica2 ****
make -r -j3 all 
Building file: ../source/LCDFunctions.c
Invoking: MCU C Compiler
arm-none-eabi-gcc -DCR_INTEGER_PRINTF -DSDK_DEBUGCONSOLE=0 -D__MCUXPRESSO -D__USE_CMSIS -DDEBUG -DSDK_OS_BAREMETAL -DFSL_RTOS_BM -DCPU_MK64FN1M0VLL12 -DCPU_MK64FN1M0VLL12_cm4 -D__REDLIB__ -I"/Sistemas_Embebidos/Practica2/practica2/source" -I"/Sistemas_Embebidos/Practica2/practica2" -I"/Sistemas_Embebidos/Practica2/practica2/startup" -I"/Sistemas_Embebidos/Practica2/practica2/CMSIS" -I/Users/Roberto/mcuxpresso/SDKPackages/SDK_2/CMSIS/Include -I/Users/Roberto/mcuxpresso/SDKPackages/SDK_2/CMSIS -I/Users/Roberto/mcuxpresso/SDKPackages/SDK_2/devices/MK64F12 -I/Users/Roberto/mcuxpresso/SDKPackages/SDK_2/devices -O0 -fno-common -g3 -Wall -c -fmessage-length=0 -fno-builtin -ffunction-sections -fdata-sections -mcpu=cortex-m4 -mfpu=fpv4-sp-d16 -mfloat-abi=hard -mthumb -D__REDLIB__ -specs=redlib.specs -MMD -MP -MF"source/LCDFunctions.d" -MT"source/LCDFunctions.o" -MT"source/LCDFunctions.d" -o "source/LCDFunctions.o" "../source/LCDFunctions.c"
../source/LCDFunctions.c: In function 'convierteAFahrenheit':
../source/LCDFunctions.c:539:6: error: 'counter' undeclared (first use in this function)
  for(counter = 0 ; counter < sizeof(temperaturaFahrenheit); counter++){
      ^
../source/LCDFunctions.c:539:6: note: each undeclared identifier is reported only once for each function it appears in
../source/LCDFunctions.c:559:9: warning: unused variable 'punto' [-Wunused-variable]
   uint8 punto = 0x2E;
         ^
../source/LCDFunctions.c:558:9: warning: unused variable 'fahrenheit' [-Wunused-variable]
   uint8 fahrenheit[] = "'F";
         ^
make: *** [source/LCDFunctions.o] Error 1
03:40:30 **** Incremental Build of configuration Debug for project practica2 ****
make -r -j3 all 
Building file: ../source/LCDFunctions.c
Invoking: MCU C Compiler
arm-none-eabi-gcc -DCR_INTEGER_PRINTF -DSDK_DEBUGCONSOLE=0 -D__MCUXPRESSO -D__USE_CMSIS -DDEBUG -DSDK_OS_BAREMETAL -DFSL_RTOS_BM -DCPU_MK64FN1M0VLL12 -DCPU_MK64FN1M0VLL12_cm4 -D__REDLIB__ -I"/Sistemas_Embebidos/Practica2/practica2/source" -I"/Sistemas_Embebidos/Practica2/practica2" -I"/Sistemas_Embebidos/Practica2/practica2/startup" -I"/Sistemas_Embebidos/Practica2/practica2/CMSIS" -I/Users/Roberto/mcuxpresso/SDKPackages/SDK_2/CMSIS/Include -I/Users/Roberto/mcuxpresso/SDKPackages/SDK_2/CMSIS -I/Users/Roberto/mcuxpresso/SDKPackages/SDK_2/devices/MK64F12 -I/Users/Roberto/mcuxpresso/SDKPackages/SDK_2/devices -O0 -fno-common -g3 -Wall -c -fmessage-length=0 -fno-builtin -ffunction-sections -fdata-sections -mcpu=cortex-m4 -mfpu=fpv4-sp-d16 -mfloat-abi=hard -mthumb -D__REDLIB__ -specs=redlib.specs -MMD -MP -MF"source/LCDFunctions.d" -MT"source/LCDFunctions.o" -MT"source/LCDFunctions.d" -o "source/LCDFunctions.o" "../source/LCDFunctions.c"
../source/LCDFunctions.c: In function 'convierteAFahrenheit':
../source/LCDFunctions.c:541:25: error: invalid operands to binary >> (have 'float' and 'int')
   temperaturaFahrenheit >> counter;
                         ^
../source/LCDFunctions.c:560:9: warning: unused variable 'punto' [-Wunused-variable]
   uint8 punto = 0x2E;
         ^
../source/LCDFunctions.c:559:9: warning: unused variable 'fahrenheit' [-Wunused-variable]
   uint8 fahrenheit[] = "'F";
         ^
make: *** [source/LCDFunctions.o] Error 1
03:41:02 **** Incremental Build of configuration Debug for project practica2 ****
make -r -j3 all 
Building file: ../source/LCDFunctions.c
Invoking: MCU C Compiler
arm-none-eabi-gcc -DCR_INTEGER_PRINTF -DSDK_DEBUGCONSOLE=0 -D__MCUXPRESSO -D__USE_CMSIS -DDEBUG -DSDK_OS_BAREMETAL -DFSL_RTOS_BM -DCPU_MK64FN1M0VLL12 -DCPU_MK64FN1M0VLL12_cm4 -D__REDLIB__ -I"/Sistemas_Embebidos/Practica2/practica2/source" -I"/Sistemas_Embebidos/Practica2/practica2" -I"/Sistemas_Embebidos/Practica2/practica2/startup" -I"/Sistemas_Embebidos/Practica2/practica2/CMSIS" -I/Users/Roberto/mcuxpresso/SDKPackages/SDK_2/CMSIS/Include -I/Users/Roberto/mcuxpresso/SDKPackages/SDK_2/CMSIS -I/Users/Roberto/mcuxpresso/SDKPackages/SDK_2/devices/MK64F12 -I/Users/Roberto/mcuxpresso/SDKPackages/SDK_2/devices -O0 -fno-common -g3 -Wall -c -fmessage-length=0 -fno-builtin -ffunction-sections -fdata-sections -mcpu=cortex-m4 -mfpu=fpv4-sp-d16 -mfloat-abi=hard -mthumb -D__REDLIB__ -specs=redlib.specs -MMD -MP -MF"source/LCDFunctions.d" -MT"source/LCDFunctions.o" -MT"source/LCDFunctions.d" -o "source/LCDFunctions.o" "../source/LCDFunctions.c"
../source/LCDFunctions.c: In function 'convierteAFahrenheit':
../source/LCDFunctions.c:541:25: error: invalid operands to binary >> (have 'float' and 'float')
   temperaturaFahrenheit >> counter;
                         ^
../source/LCDFunctions.c:560:9: warning: unused variable 'punto' [-Wunused-variable]
   uint8 punto = 0x2E;
         ^
../source/LCDFunctions.c:559:9: warning: unused variable 'fahrenheit' [-Wunused-variable]
   uint8 fahrenheit[] = "'F";
         ^
make: *** [source/LCDFunctions.o] Error 1
03:48:48 **** Incremental Build of configuration Debug for project practica2 ****
make -r -j3 all 
Building file: ../source/LCDFunctions.c
Invoking: MCU C Compiler
arm-none-eabi-gcc -DCR_INTEGER_PRINTF -DSDK_DEBUGCONSOLE=0 -D__MCUXPRESSO -D__USE_CMSIS -DDEBUG -DSDK_OS_BAREMETAL -DFSL_RTOS_BM -DCPU_MK64FN1M0VLL12 -DCPU_MK64FN1M0VLL12_cm4 -D__REDLIB__ -I"/Sistemas_Embebidos/Practica2/practica2/source" -I"/Sistemas_Embebidos/Practica2/practica2" -I"/Sistemas_Embebidos/Practica2/practica2/startup" -I"/Sistemas_Embebidos/Practica2/practica2/CMSIS" -I/Users/Roberto/mcuxpresso/SDKPackages/SDK_2/CMSIS/Include -I/Users/Roberto/mcuxpresso/SDKPackages/SDK_2/CMSIS -I/Users/Roberto/mcuxpresso/SDKPackages/SDK_2/devices/MK64F12 -I/Users/Roberto/mcuxpresso/SDKPackages/SDK_2/devices -O0 -fno-common -g3 -Wall -c -fmessage-length=0 -fno-builtin -ffunction-sections -fdata-sections -mcpu=cortex-m4 -mfpu=fpv4-sp-d16 -mfloat-abi=hard -mthumb -D__REDLIB__ -specs=redlib.specs -MMD -MP -MF"source/LCDFunctions.d" -MT"source/LCDFunctions.o" -MT"source/LCDFunctions.d" -o "source/LCDFunctions.o" "../source/LCDFunctions.c"
../source/LCDFunctions.c: In function 'convierteAFahrenheit':
../source/LCDFunctions.c:568:9: warning: unused variable 'punto' [-Wunused-variable]
   uint8 punto = 0x2E;
         ^
../source/LCDFunctions.c:567:9: warning: unused variable 'fahrenheit' [-Wunused-variable]
   uint8 fahrenheit[] = "'F";
         ^
../source/LCDFunctions.c:474:8: warning: unused variable 'counter' [-Wunused-variable]
  float counter;
        ^
Finished building: ../source/LCDFunctions.c
 
Building target: practica2.axf
Invoking: MCU Linker
arm-none-eabi-gcc -nostdlib -Xlinker -Map="practica2.map" -Xlinker --gc-sections -Xlinker -print-memory-usage -mcpu=cortex-m4 -mfpu=fpv4-sp-d16 -mfloat-abi=hard -mthumb -T practica2_Debug.ld -o "practica2.axf"  ./startup/startup_mk64f12.o  ./source/GPIO.o ./source/GlobalFunctions.o ./source/LCDFunctions.o ./source/LCDNokia5110.o ./source/NVIC.o ./source/SPI.o ./source/main.o  ./CMSIS/system_MK64F12.o   
Memory region         Used Size  Region Size  %age Used
   PROGRAM_FLASH:       14568 B         1 MB      1.39%
      SRAM_UPPER:        8412 B       192 KB      4.28%
      SRAM_LOWER:          0 GB        64 KB      0.00%
        FLEX_RAM:          0 GB         4 KB      0.00%
Finished building target: practica2.axf
 
make --no-print-directory post-build
Performing post-build steps
arm-none-eabi-size "practica2.axf"; # arm-none-eabi-objcopy -v -O binary "practica2.axf" "practica2.bin" ; # checksum -p MK64FN1M0xxx12 -d "practica2.bin";
   text	   data	    bss	    dec	    hex	filename
  14560	      8	   8404	  22972	   59bc	practica2.axf
 
03:48:54 **** Incremental Build of configuration Debug for project practica2 ****
make -r -j3 all 
make: Nothing to be done for `all'.
03:48:55 **** Incremental Build of configuration Debug for project practica2 ****
make -r -j3 all 
make: Nothing to be done for `all'.
03:50:51 **** Incremental Build of configuration Debug for project practica2 ****
make -r -j3 all 
Building file: ../source/LCDFunctions.c
Invoking: MCU C Compiler
arm-none-eabi-gcc -DCR_INTEGER_PRINTF -DSDK_DEBUGCONSOLE=0 -D__MCUXPRESSO -D__USE_CMSIS -DDEBUG -DSDK_OS_BAREMETAL -DFSL_RTOS_BM -DCPU_MK64FN1M0VLL12 -DCPU_MK64FN1M0VLL12_cm4 -D__REDLIB__ -I"/Sistemas_Embebidos/Practica2/practica2/source" -I"/Sistemas_Embebidos/Practica2/practica2" -I"/Sistemas_Embebidos/Practica2/practica2/startup" -I"/Sistemas_Embebidos/Practica2/practica2/CMSIS" -I/Users/Roberto/mcuxpresso/SDKPackages/SDK_2/CMSIS/Include -I/Users/Roberto/mcuxpresso/SDKPackages/SDK_2/CMSIS -I/Users/Roberto/mcuxpresso/SDKPackages/SDK_2/devices/MK64F12 -I/Users/Roberto/mcuxpresso/SDKPackages/SDK_2/devices -O0 -fno-common -g3 -Wall -c -fmessage-length=0 -fno-builtin -ffunction-sections -fdata-sections -mcpu=cortex-m4 -mfpu=fpv4-sp-d16 -mfloat-abi=hard -mthumb -D__REDLIB__ -specs=redlib.specs -MMD -MP -MF"source/LCDFunctions.d" -MT"source/LCDFunctions.o" -MT"source/LCDFunctions.d" -o "source/LCDFunctions.o" "../source/LCDFunctions.c"
../source/LCDFunctions.c: In function 'convierteAFahrenheit':
../source/LCDFunctions.c:570:9: warning: unused variable 'punto' [-Wunused-variable]
   uint8 punto = 0x2E;
         ^
../source/LCDFunctions.c:569:9: warning: unused variable 'fahrenheit' [-Wunused-variable]
   uint8 fahrenheit[] = "'F";
         ^
../source/LCDFunctions.c:476:8: warning: unused variable 'counter' [-Wunused-variable]
  float counter;
        ^
Finished building: ../source/LCDFunctions.c
 
Building target: practica2.axf
Invoking: MCU Linker
arm-none-eabi-gcc -nostdlib -Xlinker -Map="practica2.map" -Xlinker --gc-sections -Xlinker -print-memory-usage -mcpu=cortex-m4 -mfpu=fpv4-sp-d16 -mfloat-abi=hard -mthumb -T practica2_Debug.ld -o "practica2.axf"  ./startup/startup_mk64f12.o  ./source/GPIO.o ./source/GlobalFunctions.o ./source/LCDFunctions.o ./source/LCDNokia5110.o ./source/NVIC.o ./source/SPI.o ./source/main.o  ./CMSIS/system_MK64F12.o   
Memory region         Used Size  Region Size  %age Used
   PROGRAM_FLASH:       14584 B         1 MB      1.39%
      SRAM_UPPER:        8412 B       192 KB      4.28%
      SRAM_LOWER:          0 GB        64 KB      0.00%
        FLEX_RAM:          0 GB         4 KB      0.00%
Finished building target: practica2.axf
 
make --no-print-directory post-build
Performing post-build steps
arm-none-eabi-size "practica2.axf"; # arm-none-eabi-objcopy -v -O binary "practica2.axf" "practica2.bin" ; # checksum -p MK64FN1M0xxx12 -d "practica2.bin";
   text	   data	    bss	    dec	    hex	filename
  14576	      8	   8404	  22988	   59cc	practica2.axf
 
03:51:02 **** Incremental Build of configuration Debug for project practica2 ****
make -r -j3 all 
make: Nothing to be done for `all'.
03:51:03 **** Incremental Build of configuration Debug for project practica2 ****
make -r -j3 all 
make: Nothing to be done for `all'.
03:52:59 **** Incremental Build of configuration Debug for project practica2 ****
make -r -j3 all 
Building file: ../source/LCDFunctions.c
Invoking: MCU C Compiler
arm-none-eabi-gcc -DCR_INTEGER_PRINTF -DSDK_DEBUGCONSOLE=0 -D__MCUXPRESSO -D__USE_CMSIS -DDEBUG -DSDK_OS_BAREMETAL -DFSL_RTOS_BM -DCPU_MK64FN1M0VLL12 -DCPU_MK64FN1M0VLL12_cm4 -D__REDLIB__ -I"/Sistemas_Embebidos/Practica2/practica2/source" -I"/Sistemas_Embebidos/Practica2/practica2" -I"/Sistemas_Embebidos/Practica2/practica2/startup" -I"/Sistemas_Embebidos/Practica2/practica2/CMSIS" -I/Users/Roberto/mcuxpresso/SDKPackages/SDK_2/CMSIS/Include -I/Users/Roberto/mcuxpresso/SDKPackages/SDK_2/CMSIS -I/Users/Roberto/mcuxpresso/SDKPackages/SDK_2/devices/MK64F12 -I/Users/Roberto/mcuxpresso/SDKPackages/SDK_2/devices -O0 -fno-common -g3 -Wall -c -fmessage-length=0 -fno-builtin -ffunction-sections -fdata-sections -mcpu=cortex-m4 -mfpu=fpv4-sp-d16 -mfloat-abi=hard -mthumb -D__REDLIB__ -specs=redlib.specs -MMD -MP -MF"source/LCDFunctions.d" -MT"source/LCDFunctions.o" -MT"source/LCDFunctions.d" -o "source/LCDFunctions.o" "../source/LCDFunctions.c"
../source/LCDFunctions.c: In function 'convierteAFahrenheit':
../source/LCDFunctions.c:567:9: warning: unused variable 'punto' [-Wunused-variable]
   uint8 punto = 0x2E;
         ^
../source/LCDFunctions.c:566:9: warning: unused variable 'fahrenheit' [-Wunused-variable]
   uint8 fahrenheit[] = "'F";
         ^
../source/LCDFunctions.c:473:8: warning: unused variable 'counter' [-Wunused-variable]
  float counter;
        ^
../source/LCDFunctions.c: At top level:
../source/LCDFunctions.c:33:20: warning: 'decremento' defined but not used [-Wunused-variable]
 static BooleanType decremento = FALSE;
                    ^
Finished building: ../source/LCDFunctions.c
 
Building target: practica2.axf
Invoking: MCU Linker
arm-none-eabi-gcc -nostdlib -Xlinker -Map="practica2.map" -Xlinker --gc-sections -Xlinker -print-memory-usage -mcpu=cortex-m4 -mfpu=fpv4-sp-d16 -mfloat-abi=hard -mthumb -T practica2_Debug.ld -o "practica2.axf"  ./startup/startup_mk64f12.o  ./source/GPIO.o ./source/GlobalFunctions.o ./source/LCDFunctions.o ./source/LCDNokia5110.o ./source/NVIC.o ./source/SPI.o ./source/main.o  ./CMSIS/system_MK64F12.o   
Memory region         Used Size  Region Size  %age Used
   PROGRAM_FLASH:       14544 B         1 MB      1.39%
      SRAM_UPPER:        8408 B       192 KB      4.28%
      SRAM_LOWER:          0 GB        64 KB      0.00%
        FLEX_RAM:          0 GB         4 KB      0.00%
Finished building target: practica2.axf
 
make --no-print-directory post-build
Performing post-build steps
arm-none-eabi-size "practica2.axf"; # arm-none-eabi-objcopy -v -O binary "practica2.axf" "practica2.bin" ; # checksum -p MK64FN1M0xxx12 -d "practica2.bin";
   text	   data	    bss	    dec	    hex	filename
  14536	      8	   8400	  22944	   59a0	practica2.axf
 
03:53:04 **** Incremental Build of configuration Debug for project practica2 ****
make -r -j3 all 
make: Nothing to be done for `all'.
03:53:05 **** Incremental Build of configuration Debug for project practica2 ****
make -r -j3 all 
make: Nothing to be done for `all'.
03:55:59 **** Incremental Build of configuration Debug for project practica2 ****
make -r -j3 all 
Building file: ../source/LCDFunctions.c
Invoking: MCU C Compiler
arm-none-eabi-gcc -DCR_INTEGER_PRINTF -DSDK_DEBUGCONSOLE=0 -D__MCUXPRESSO -D__USE_CMSIS -DDEBUG -DSDK_OS_BAREMETAL -DFSL_RTOS_BM -DCPU_MK64FN1M0VLL12 -DCPU_MK64FN1M0VLL12_cm4 -D__REDLIB__ -I"/Sistemas_Embebidos/Practica2/practica2/source" -I"/Sistemas_Embebidos/Practica2/practica2" -I"/Sistemas_Embebidos/Practica2/practica2/startup" -I"/Sistemas_Embebidos/Practica2/practica2/CMSIS" -I/Users/Roberto/mcuxpresso/SDKPackages/SDK_2/CMSIS/Include -I/Users/Roberto/mcuxpresso/SDKPackages/SDK_2/CMSIS -I/Users/Roberto/mcuxpresso/SDKPackages/SDK_2/devices/MK64F12 -I/Users/Roberto/mcuxpresso/SDKPackages/SDK_2/devices -O0 -fno-common -g3 -Wall -c -fmessage-length=0 -fno-builtin -ffunction-sections -fdata-sections -mcpu=cortex-m4 -mfpu=fpv4-sp-d16 -mfloat-abi=hard -mthumb -D__REDLIB__ -specs=redlib.specs -MMD -MP -MF"source/LCDFunctions.d" -MT"source/LCDFunctions.o" -MT"source/LCDFunctions.d" -o "source/LCDFunctions.o" "../source/LCDFunctions.c"
../source/LCDFunctions.c: In function 'convierteAFahrenheit':
../source/LCDFunctions.c:566:9: warning: unused variable 'punto' [-Wunused-variable]
   uint8 punto = 0x2E;
         ^
../source/LCDFunctions.c:565:9: warning: unused variable 'fahrenheit' [-Wunused-variable]
   uint8 fahrenheit[] = "'F";
         ^
../source/LCDFunctions.c:472:8: warning: unused variable 'counter' [-Wunused-variable]
  float counter;
        ^
Finished building: ../source/LCDFunctions.c
 
Building target: practica2.axf
Invoking: MCU Linker
arm-none-eabi-gcc -nostdlib -Xlinker -Map="practica2.map" -Xlinker --gc-sections -Xlinker -print-memory-usage -mcpu=cortex-m4 -mfpu=fpv4-sp-d16 -mfloat-abi=hard -mthumb -T practica2_Debug.ld -o "practica2.axf"  ./startup/startup_mk64f12.o  ./source/GPIO.o ./source/GlobalFunctions.o ./source/LCDFunctions.o ./source/LCDNokia5110.o ./source/NVIC.o ./source/SPI.o ./source/main.o  ./CMSIS/system_MK64F12.o   
Memory region         Used Size  Region Size  %age Used
   PROGRAM_FLASH:       14584 B         1 MB      1.39%
      SRAM_UPPER:        8408 B       192 KB      4.28%
      SRAM_LOWER:          0 GB        64 KB      0.00%
        FLEX_RAM:          0 GB         4 KB      0.00%
Finished building target: practica2.axf
 
make --no-print-directory post-build
Performing post-build steps
arm-none-eabi-size "practica2.axf"; # arm-none-eabi-objcopy -v -O binary "practica2.axf" "practica2.bin" ; # checksum -p MK64FN1M0xxx12 -d "practica2.bin";
   text	   data	    bss	    dec	    hex	filename
  14576	      8	   8400	  22984	   59c8	practica2.axf
 
03:56:08 **** Incremental Build of configuration Debug for project practica2 ****
make -r -j3 all 
make: Nothing to be done for `all'.
03:56:09 **** Incremental Build of configuration Debug for project practica2 ****
make -r -j3 all 
make: Nothing to be done for `all'.
03:57:34 **** Incremental Build of configuration Debug for project practica2 ****
make -r -j3 all 
Building file: ../source/LCDFunctions.c
Invoking: MCU C Compiler
arm-none-eabi-gcc -DCR_INTEGER_PRINTF -DSDK_DEBUGCONSOLE=0 -D__MCUXPRESSO -D__USE_CMSIS -DDEBUG -DSDK_OS_BAREMETAL -DFSL_RTOS_BM -DCPU_MK64FN1M0VLL12 -DCPU_MK64FN1M0VLL12_cm4 -D__REDLIB__ -I"/Sistemas_Embebidos/Practica2/practica2/source" -I"/Sistemas_Embebidos/Practica2/practica2" -I"/Sistemas_Embebidos/Practica2/practica2/startup" -I"/Sistemas_Embebidos/Practica2/practica2/CMSIS" -I/Users/Roberto/mcuxpresso/SDKPackages/SDK_2/CMSIS/Include -I/Users/Roberto/mcuxpresso/SDKPackages/SDK_2/CMSIS -I/Users/Roberto/mcuxpresso/SDKPackages/SDK_2/devices/MK64F12 -I/Users/Roberto/mcuxpresso/SDKPackages/SDK_2/devices -O0 -fno-common -g3 -Wall -c -fmessage-length=0 -fno-builtin -ffunction-sections -fdata-sections -mcpu=cortex-m4 -mfpu=fpv4-sp-d16 -mfloat-abi=hard -mthumb -D__REDLIB__ -specs=redlib.specs -MMD -MP -MF"source/LCDFunctions.d" -MT"source/LCDFunctions.o" -MT"source/LCDFunctions.d" -o "source/LCDFunctions.o" "../source/LCDFunctions.c"
../source/LCDFunctions.c: In function 'convierteAFahrenheit':
../source/LCDFunctions.c:566:9: warning: unused variable 'punto' [-Wunused-variable]
   uint8 punto = 0x2E;
         ^
../source/LCDFunctions.c:565:9: warning: unused variable 'fahrenheit' [-Wunused-variable]
   uint8 fahrenheit[] = "'F";
         ^
../source/LCDFunctions.c:472:8: warning: unused variable 'counter' [-Wunused-variable]
  float counter;
        ^
Finished building: ../source/LCDFunctions.c
 
Building target: practica2.axf
Invoking: MCU Linker
arm-none-eabi-gcc -nostdlib -Xlinker -Map="practica2.map" -Xlinker --gc-sections -Xlinker -print-memory-usage -mcpu=cortex-m4 -mfpu=fpv4-sp-d16 -mfloat-abi=hard -mthumb -T practica2_Debug.ld -o "practica2.axf"  ./startup/startup_mk64f12.o  ./source/GPIO.o ./source/GlobalFunctions.o ./source/LCDFunctions.o ./source/LCDNokia5110.o ./source/NVIC.o ./source/SPI.o ./source/main.o  ./CMSIS/system_MK64F12.o   
Memory region         Used Size  Region Size  %age Used
   PROGRAM_FLASH:       14584 B         1 MB      1.39%
      SRAM_UPPER:        8408 B       192 KB      4.28%
      SRAM_LOWER:          0 GB        64 KB      0.00%
        FLEX_RAM:          0 GB         4 KB      0.00%
Finished building target: practica2.axf
 
make --no-print-directory post-build
Performing post-build steps
arm-none-eabi-size "practica2.axf"; # arm-none-eabi-objcopy -v -O binary "practica2.axf" "practica2.bin" ; # checksum -p MK64FN1M0xxx12 -d "practica2.bin";
   text	   data	    bss	    dec	    hex	filename
  14576	      8	   8400	  22984	   59c8	practica2.axf
 
03:57:39 **** Incremental Build of configuration Debug for project practica2 ****
make -r -j3 all 
make: Nothing to be done for `all'.
03:57:40 **** Incremental Build of configuration Debug for project practica2 ****
make -r -j3 all 
make: Nothing to be done for `all'.
03:58:48 **** Incremental Build of configuration Debug for project practica2 ****
make -r -j3 all 
Building file: ../source/LCDFunctions.c
Invoking: MCU C Compiler
arm-none-eabi-gcc -DCR_INTEGER_PRINTF -DSDK_DEBUGCONSOLE=0 -D__MCUXPRESSO -D__USE_CMSIS -DDEBUG -DSDK_OS_BAREMETAL -DFSL_RTOS_BM -DCPU_MK64FN1M0VLL12 -DCPU_MK64FN1M0VLL12_cm4 -D__REDLIB__ -I"/Sistemas_Embebidos/Practica2/practica2/source" -I"/Sistemas_Embebidos/Practica2/practica2" -I"/Sistemas_Embebidos/Practica2/practica2/startup" -I"/Sistemas_Embebidos/Practica2/practica2/CMSIS" -I/Users/Roberto/mcuxpresso/SDKPackages/SDK_2/CMSIS/Include -I/Users/Roberto/mcuxpresso/SDKPackages/SDK_2/CMSIS -I/Users/Roberto/mcuxpresso/SDKPackages/SDK_2/devices/MK64F12 -I/Users/Roberto/mcuxpresso/SDKPackages/SDK_2/devices -O0 -fno-common -g3 -Wall -c -fmessage-length=0 -fno-builtin -ffunction-sections -fdata-sections -mcpu=cortex-m4 -mfpu=fpv4-sp-d16 -mfloat-abi=hard -mthumb -D__REDLIB__ -specs=redlib.specs -MMD -MP -MF"source/LCDFunctions.d" -MT"source/LCDFunctions.o" -MT"source/LCDFunctions.d" -o "source/LCDFunctions.o" "../source/LCDFunctions.c"
../source/LCDFunctions.c: In function 'convierteAFahrenheit':
../source/LCDFunctions.c:566:9: warning: unused variable 'punto' [-Wunused-variable]
   uint8 punto = 0x2E;
         ^
../source/LCDFunctions.c:565:9: warning: unused variable 'fahrenheit' [-Wunused-variable]
   uint8 fahrenheit[] = "'F";
         ^
../source/LCDFunctions.c:472:8: warning: unused variable 'counter' [-Wunused-variable]
  float counter;
        ^
Finished building: ../source/LCDFunctions.c
 
Building target: practica2.axf
Invoking: MCU Linker
arm-none-eabi-gcc -nostdlib -Xlinker -Map="practica2.map" -Xlinker --gc-sections -Xlinker -print-memory-usage -mcpu=cortex-m4 -mfpu=fpv4-sp-d16 -mfloat-abi=hard -mthumb -T practica2_Debug.ld -o "practica2.axf"  ./startup/startup_mk64f12.o  ./source/GPIO.o ./source/GlobalFunctions.o ./source/LCDFunctions.o ./source/LCDNokia5110.o ./source/NVIC.o ./source/SPI.o ./source/main.o  ./CMSIS/system_MK64F12.o   
Memory region         Used Size  Region Size  %age Used
   PROGRAM_FLASH:       14584 B         1 MB      1.39%
      SRAM_UPPER:        8408 B       192 KB      4.28%
      SRAM_LOWER:          0 GB        64 KB      0.00%
        FLEX_RAM:          0 GB         4 KB      0.00%
Finished building target: practica2.axf
 
make --no-print-directory post-build
Performing post-build steps
arm-none-eabi-size "practica2.axf"; # arm-none-eabi-objcopy -v -O binary "practica2.axf" "practica2.bin" ; # checksum -p MK64FN1M0xxx12 -d "practica2.bin";
   text	   data	    bss	    dec	    hex	filename
  14576	      8	   8400	  22984	   59c8	practica2.axf
 
03:58:52 **** Incremental Build of configuration Debug for project practica2 ****
make -r -j3 all 
make: Nothing to be done for `all'.
03:59:00 **** Incremental Build of configuration Debug for project practica2 ****
make -r -j3 all 
make: Nothing to be done for `all'.
04:07:26 **** Incremental Build of configuration Debug for project practica2 ****
make -r -j3 all 
Building file: ../source/LCDFunctions.c
Building file: ../source/main.c
Invoking: MCU C Compiler
Invoking: MCU C Compiler
arm-none-eabi-gcc -DCR_INTEGER_PRINTF -DSDK_DEBUGCONSOLE=0 -D__MCUXPRESSO -D__USE_CMSIS -DDEBUG -DSDK_OS_BAREMETAL -DFSL_RTOS_BM -DCPU_MK64FN1M0VLL12 -DCPU_MK64FN1M0VLL12_cm4 -D__REDLIB__ -I"/Sistemas_Embebidos/Practica2/practica2/source" -I"/Sistemas_Embebidos/Practica2/practica2" -I"/Sistemas_Embebidos/Practica2/practica2/startup" -I"/Sistemas_Embebidos/Practica2/practica2/CMSIS" -I/Users/Roberto/mcuxpresso/SDKPackages/SDK_2/CMSIS/Include -I/Users/Roberto/mcuxpresso/SDKPackages/SDK_2/CMSIS -I/Users/Roberto/mcuxpresso/SDKPackages/SDK_2/devices/MK64F12 -I/Users/Roberto/mcuxpresso/SDKPackages/SDK_2/devices -O0 -fno-common -g3 -Wall -c -fmessage-length=0 -fno-builtin -ffunction-sections -fdata-sections -mcpu=cortex-m4 -mfpu=fpv4-sp-d16 -mfloat-abi=hard -mthumb -D__REDLIB__ -specs=redlib.specs -MMD -MP -MF"source/LCDFunctions.d" -MT"source/LCDFunctions.o" -MT"source/LCDFunctions.d" -o "source/LCDFunctions.o" "../source/LCDFunctions.c"
arm-none-eabi-gcc -DCR_INTEGER_PRINTF -DSDK_DEBUGCONSOLE=0 -D__MCUXPRESSO -D__USE_CMSIS -DDEBUG -DSDK_OS_BAREMETAL -DFSL_RTOS_BM -DCPU_MK64FN1M0VLL12 -DCPU_MK64FN1M0VLL12_cm4 -D__REDLIB__ -I"/Sistemas_Embebidos/Practica2/practica2/source" -I"/Sistemas_Embebidos/Practica2/practica2" -I"/Sistemas_Embebidos/Practica2/practica2/startup" -I"/Sistemas_Embebidos/Practica2/practica2/CMSIS" -I/Users/Roberto/mcuxpresso/SDKPackages/SDK_2/CMSIS/Include -I/Users/Roberto/mcuxpresso/SDKPackages/SDK_2/CMSIS -I/Users/Roberto/mcuxpresso/SDKPackages/SDK_2/devices/MK64F12 -I/Users/Roberto/mcuxpresso/SDKPackages/SDK_2/devices -O0 -fno-common -g3 -Wall -c -fmessage-length=0 -fno-builtin -ffunction-sections -fdata-sections -mcpu=cortex-m4 -mfpu=fpv4-sp-d16 -mfloat-abi=hard -mthumb -D__REDLIB__ -specs=redlib.specs -MMD -MP -MF"source/main.d" -MT"source/main.o" -MT"source/main.d" -o "source/main.o" "../source/main.c"
In file included from ../source/main.c:18:0:
../source/SPI.h:111:13: warning: 'SPI_enable' declared 'static' but never defined [-Wunused-function]
 static void SPI_enable(SPI_ChannelType);
             ^
../source/SPI.h:113:13: warning: 'SPI_clk' declared 'static' but never defined [-Wunused-function]
 static void SPI_clk(SPI_ChannelType);
             ^
../source/SPI.h:115:13: warning: 'SPI_setMaster' declared 'static' but never defined [-Wunused-function]
 static void SPI_setMaster(SPI_ChannelType channel, SPI_MasterType masterOrSlave);
             ^
../source/SPI.h:117:13: warning: 'SPI_fIFO' declared 'static' but never defined [-Wunused-function]
 static void SPI_fIFO(SPI_ChannelType channel, SPI_EnableFIFOType enableOrDisable);
             ^
../source/SPI.h:119:13: warning: 'SPI_clockPolarity' declared 'static' but never defined [-Wunused-function]
 static void SPI_clockPolarity(SPI_ChannelType channel, SPI_PolarityType cpol);
             ^
../source/SPI.h:121:13: warning: 'SPI_frameSize' declared 'static' but never defined [-Wunused-function]
 static void SPI_frameSize(SPI_ChannelType channel, uint32 frameSize);
             ^
../source/SPI.h:123:13: warning: 'SPI_clockPhase' declared 'static' but never defined [-Wunused-function]
 static void SPI_clockPhase(SPI_ChannelType channel, SPI_PhaseType cpha);
             ^
../source/SPI.h:125:13: warning: 'SPI_baudRate' declared 'static' but never defined [-Wunused-function]
 static void SPI_baudRate(SPI_ChannelType channel, uint32 baudRate);
             ^
../source/SPI.h:127:13: warning: 'SPI_mSBFirst' declared 'static' but never defined [-Wunused-function]
 static void SPI_mSBFirst(SPI_ChannelType channel, SPI_LSMorMSBType msb);
             ^
../source/LCDFunctions.c: In function 'convierteAFahrenheit':
../source/LCDFunctions.c:567:9: warning: unused variable 'punto' [-Wunused-variable]
   uint8 punto = 0x2E;
         ^
../source/LCDFunctions.c:566:9: warning: unused variable 'fahrenheit' [-Wunused-variable]
   uint8 fahrenheit[] = "'F";
         ^
../source/LCDFunctions.c:473:8: warning: unused variable 'counter' [-Wunused-variable]
  float counter;
        ^
Finished building: ../source/main.c
 
Finished building: ../source/LCDFunctions.c
 
Building target: practica2.axf
Invoking: MCU Linker
arm-none-eabi-gcc -nostdlib -Xlinker -Map="practica2.map" -Xlinker --gc-sections -Xlinker -print-memory-usage -mcpu=cortex-m4 -mfpu=fpv4-sp-d16 -mfloat-abi=hard -mthumb -T practica2_Debug.ld -o "practica2.axf"  ./startup/startup_mk64f12.o  ./source/GPIO.o ./source/GlobalFunctions.o ./source/LCDFunctions.o ./source/LCDNokia5110.o ./source/NVIC.o ./source/SPI.o ./source/main.o  ./CMSIS/system_MK64F12.o   
Memory region         Used Size  Region Size  %age Used
   PROGRAM_FLASH:       14592 B         1 MB      1.39%
      SRAM_UPPER:        8408 B       192 KB      4.28%
      SRAM_LOWER:          0 GB        64 KB      0.00%
        FLEX_RAM:          0 GB         4 KB      0.00%
Finished building target: practica2.axf
 
make --no-print-directory post-build
Performing post-build steps
arm-none-eabi-size "practica2.axf"; # arm-none-eabi-objcopy -v -O binary "practica2.axf" "practica2.bin" ; # checksum -p MK64FN1M0xxx12 -d "practica2.bin";
   text	   data	    bss	    dec	    hex	filename
  14584	      8	   8400	  22992	   59d0	practica2.axf
 
04:07:32 **** Incremental Build of configuration Debug for project practica2 ****
make -r -j3 all 
make: Nothing to be done for `all'.
04:07:33 **** Incremental Build of configuration Debug for project practica2 ****
make -r -j3 all 
make: Nothing to be done for `all'.
04:08:33 **** Incremental Build of configuration Debug for project practica2 ****
make -r -j3 all 
Building file: ../source/LCDFunctions.c
Invoking: MCU C Compiler
arm-none-eabi-gcc -DCR_INTEGER_PRINTF -DSDK_DEBUGCONSOLE=0 -D__MCUXPRESSO -D__USE_CMSIS -DDEBUG -DSDK_OS_BAREMETAL -DFSL_RTOS_BM -DCPU_MK64FN1M0VLL12 -DCPU_MK64FN1M0VLL12_cm4 -D__REDLIB__ -I"/Sistemas_Embebidos/Practica2/practica2/source" -I"/Sistemas_Embebidos/Practica2/practica2" -I"/Sistemas_Embebidos/Practica2/practica2/startup" -I"/Sistemas_Embebidos/Practica2/practica2/CMSIS" -I/Users/Roberto/mcuxpresso/SDKPackages/SDK_2/CMSIS/Include -I/Users/Roberto/mcuxpresso/SDKPackages/SDK_2/CMSIS -I/Users/Roberto/mcuxpresso/SDKPackages/SDK_2/devices/MK64F12 -I/Users/Roberto/mcuxpresso/SDKPackages/SDK_2/devices -O0 -fno-common -g3 -Wall -c -fmessage-length=0 -fno-builtin -ffunction-sections -fdata-sections -mcpu=cortex-m4 -mfpu=fpv4-sp-d16 -mfloat-abi=hard -mthumb -D__REDLIB__ -specs=redlib.specs -MMD -MP -MF"source/LCDFunctions.d" -MT"source/LCDFunctions.o" -MT"source/LCDFunctions.d" -o "source/LCDFunctions.o" "../source/LCDFunctions.c"
../source/LCDFunctions.c: In function 'convierteAFahrenheit':
../source/LCDFunctions.c:568:9: warning: unused variable 'punto' [-Wunused-variable]
   uint8 punto = 0x2E;
         ^
../source/LCDFunctions.c:567:9: warning: unused variable 'fahrenheit' [-Wunused-variable]
   uint8 fahrenheit[] = "'F";
         ^
../source/LCDFunctions.c:474:8: warning: unused variable 'counter' [-Wunused-variable]
  float counter;
        ^
Finished building: ../source/LCDFunctions.c
 
Building target: practica2.axf
Invoking: MCU Linker
arm-none-eabi-gcc -nostdlib -Xlinker -Map="practica2.map" -Xlinker --gc-sections -Xlinker -print-memory-usage -mcpu=cortex-m4 -mfpu=fpv4-sp-d16 -mfloat-abi=hard -mthumb -T practica2_Debug.ld -o "practica2.axf"  ./startup/startup_mk64f12.o  ./source/GPIO.o ./source/GlobalFunctions.o ./source/LCDFunctions.o ./source/LCDNokia5110.o ./source/NVIC.o ./source/SPI.o ./source/main.o  ./CMSIS/system_MK64F12.o   
Memory region         Used Size  Region Size  %age Used
   PROGRAM_FLASH:       14592 B         1 MB      1.39%
      SRAM_UPPER:        8408 B       192 KB      4.28%
      SRAM_LOWER:          0 GB        64 KB      0.00%
        FLEX_RAM:          0 GB         4 KB      0.00%
Finished building target: practica2.axf
 
make --no-print-directory post-build
Performing post-build steps
arm-none-eabi-size "practica2.axf"; # arm-none-eabi-objcopy -v -O binary "practica2.axf" "practica2.bin" ; # checksum -p MK64FN1M0xxx12 -d "practica2.bin";
   text	   data	    bss	    dec	    hex	filename
  14584	      8	   8400	  22992	   59d0	practica2.axf
 
04:08:37 **** Incremental Build of configuration Debug for project practica2 ****
make -r -j3 all 
make: Nothing to be done for `all'.
04:08:38 **** Incremental Build of configuration Debug for project practica2 ****
make -r -j3 all 
make: Nothing to be done for `all'.
19:43:21 **** Build of configuration Debug for project practica2 ****
make -r -j3 all 
Building file: ../source/LCDFunctions.c
Invoking: MCU C Compiler
arm-none-eabi-gcc -DCR_INTEGER_PRINTF -DSDK_DEBUGCONSOLE=0 -D__MCUXPRESSO -D__USE_CMSIS -DDEBUG -DSDK_OS_BAREMETAL -DFSL_RTOS_BM -DCPU_MK64FN1M0VLL12 -DCPU_MK64FN1M0VLL12_cm4 -D__REDLIB__ -I"/Sistemas_Embebidos/Practica2/practica2/source" -I"/Sistemas_Embebidos/Practica2/practica2" -I"/Sistemas_Embebidos/Practica2/practica2/startup" -I"/Sistemas_Embebidos/Practica2/practica2/CMSIS" -I/Users/Roberto/mcuxpresso/SDKPackages/SDK_2/CMSIS/Include -I/Users/Roberto/mcuxpresso/SDKPackages/SDK_2/CMSIS -I/Users/Roberto/mcuxpresso/SDKPackages/SDK_2/devices/MK64F12 -I/Users/Roberto/mcuxpresso/SDKPackages/SDK_2/devices -O0 -fno-common -g3 -Wall -c -fmessage-length=0 -fno-builtin -ffunction-sections -fdata-sections -mcpu=cortex-m4 -mfpu=fpv4-sp-d16 -mfloat-abi=hard -mthumb -D__REDLIB__ -specs=redlib.specs -MMD -MP -MF"source/LCDFunctions.d" -MT"source/LCDFunctions.o" -MT"source/LCDFunctions.d" -o "source/LCDFunctions.o" "../source/LCDFunctions.c"
../source/LCDFunctions.c: In function 'convierteAFahrenheit':
../source/LCDFunctions.c:566:9: warning: unused variable 'punto' [-Wunused-variable]
   uint8 punto = 0x2E;
         ^
../source/LCDFunctions.c:565:9: warning: unused variable 'fahrenheit' [-Wunused-variable]
   uint8 fahrenheit[] = "'F";
         ^
../source/LCDFunctions.c:472:8: warning: unused variable 'counter' [-Wunused-variable]
  float counter;
        ^
Finished building: ../source/LCDFunctions.c
 
Building target: practica2.axf
Invoking: MCU Linker
arm-none-eabi-gcc -nostdlib -Xlinker -Map="practica2.map" -Xlinker --gc-sections -Xlinker -print-memory-usage -mcpu=cortex-m4 -mfpu=fpv4-sp-d16 -mfloat-abi=hard -mthumb -T practica2_Debug.ld -o "practica2.axf"  ./startup/startup_mk64f12.o  ./source/GPIO.o ./source/GlobalFunctions.o ./source/LCDFunctions.o ./source/LCDNokia5110.o ./source/NVIC.o ./source/SPI.o ./source/main.o  ./CMSIS/system_MK64F12.o   
Memory region         Used Size  Region Size  %age Used
   PROGRAM_FLASH:       14584 B         1 MB      1.39%
      SRAM_UPPER:        8408 B       192 KB      4.28%
      SRAM_LOWER:          0 GB        64 KB      0.00%
        FLEX_RAM:          0 GB         4 KB      0.00%
Finished building target: practica2.axf
 
make --no-print-directory post-build
Performing post-build steps
arm-none-eabi-size "practica2.axf"; # arm-none-eabi-objcopy -v -O binary "practica2.axf" "practica2.bin" ; # checksum -p MK64FN1M0xxx12 -d "practica2.bin";
   text	   data	    bss	    dec	    hex	filename
  14576	      8	   8400	  22984	   59c8	practica2.axf
 
19:43:27 **** Incremental Build of configuration Debug for project practica2 ****
make -r -j3 all 
make: Nothing to be done for `all'.
12:32:11 **** Incremental Build of configuration Debug for project practica2 ****
make -r -j3 all 
Building file: ../source/GPIO.c
Building file: ../source/GlobalFunctions.c
Building file: ../source/LCDFunctions.c
Invoking: MCU C Compiler
arm-none-eabi-gcc -DCR_INTEGER_PRINTF -DSDK_DEBUGCONSOLE=0 -D__MCUXPRESSO -D__USE_CMSIS -DDEBUG -DSDK_OS_BAREMETAL -DFSL_RTOS_BM -DCPU_MK64FN1M0VLL12 -DCPU_MK64FN1M0VLL12_cm4 -D__REDLIB__ -I"/Sistemas_Embebidos/Practica2/practica2/source" -I"/Sistemas_Embebidos/Practica2/practica2" -I"/Sistemas_Embebidos/Practica2/practica2/startup" -I"/Sistemas_Embebidos/Practica2/practica2/CMSIS" -I/Users/Roberto/mcuxpresso/SDKPackages/SDK_2/CMSIS/Include -I/Users/Roberto/mcuxpresso/SDKPackages/SDK_2/CMSIS -I/Users/Roberto/mcuxpresso/SDKPackages/SDK_2/devices/MK64F12 -I/Users/Roberto/mcuxpresso/SDKPackages/SDK_2/devices -O0 -fno-common -g3 -Wall -c -fmessage-length=0 -fno-builtin -ffunction-sections -fdata-sections -mcpu=cortex-m4 -mfpu=fpv4-sp-d16 -mfloat-abi=hard -mthumb -D__REDLIB__ -specs=redlib.specs -MMD -MP -MF"source/LCDFunctions.d" -MT"source/LCDFunctions.o" -MT"source/LCDFunctions.d" -o "source/LCDFunctions.o" "../source/LCDFunctions.c"
Invoking: MCU C Compiler
arm-none-eabi-gcc -DCR_INTEGER_PRINTF -DSDK_DEBUGCONSOLE=0 -D__MCUXPRESSO -D__USE_CMSIS -DDEBUG -DSDK_OS_BAREMETAL -DFSL_RTOS_BM -DCPU_MK64FN1M0VLL12 -DCPU_MK64FN1M0VLL12_cm4 -D__REDLIB__ -I"/Sistemas_Embebidos/Practica2/practica2/source" -I"/Sistemas_Embebidos/Practica2/practica2" -I"/Sistemas_Embebidos/Practica2/practica2/startup" -I"/Sistemas_Embebidos/Practica2/practica2/CMSIS" -I/Users/Roberto/mcuxpresso/SDKPackages/SDK_2/CMSIS/Include -I/Users/Roberto/mcuxpresso/SDKPackages/SDK_2/CMSIS -I/Users/Roberto/mcuxpresso/SDKPackages/SDK_2/devices/MK64F12 -I/Users/Roberto/mcuxpresso/SDKPackages/SDK_2/devices -O0 -fno-common -g3 -Wall -c -fmessage-length=0 -fno-builtin -ffunction-sections -fdata-sections -mcpu=cortex-m4 -mfpu=fpv4-sp-d16 -mfloat-abi=hard -mthumb -D__REDLIB__ -specs=redlib.specs -MMD -MP -MF"source/GlobalFunctions.d" -MT"source/GlobalFunctions.o" -MT"source/GlobalFunctions.d" -o "source/GlobalFunctions.o" "../source/GlobalFunctions.c"
Invoking: MCU C Compiler
arm-none-eabi-gcc -DCR_INTEGER_PRINTF -DSDK_DEBUGCONSOLE=0 -D__MCUXPRESSO -D__USE_CMSIS -DDEBUG -DSDK_OS_BAREMETAL -DFSL_RTOS_BM -DCPU_MK64FN1M0VLL12 -DCPU_MK64FN1M0VLL12_cm4 -D__REDLIB__ -I"/Sistemas_Embebidos/Practica2/practica2/source" -I"/Sistemas_Embebidos/Practica2/practica2" -I"/Sistemas_Embebidos/Practica2/practica2/startup" -I"/Sistemas_Embebidos/Practica2/practica2/CMSIS" -I/Users/Roberto/mcuxpresso/SDKPackages/SDK_2/CMSIS/Include -I/Users/Roberto/mcuxpresso/SDKPackages/SDK_2/CMSIS -I/Users/Roberto/mcuxpresso/SDKPackages/SDK_2/devices/MK64F12 -I/Users/Roberto/mcuxpresso/SDKPackages/SDK_2/devices -O0 -fno-common -g3 -Wall -c -fmessage-length=0 -fno-builtin -ffunction-sections -fdata-sections -mcpu=cortex-m4 -mfpu=fpv4-sp-d16 -mfloat-abi=hard -mthumb -D__REDLIB__ -specs=redlib.specs -MMD -MP -MF"source/GPIO.d" -MT"source/GPIO.o" -MT"source/GPIO.d" -o "source/GPIO.o" "../source/GPIO.c"
../source/LCDFunctions.c: In function 'pantallaInicial':
../source/LCDFunctions.c:41:24: error: unknown type name 'ty'
  LCDNokia_gotoXY(10,1);ty
                        ^
../source/LCDFunctions.c:42:2: warning: parameter names (without types) in function declaration
  LCDNokia_sendString(velocidad);
  ^
../source/LCDFunctions.c:42:2: error: conflicting types for 'LCDNokia_sendString'
In file included from ../source/LCDFunctions.c:9:0:
../source/LCDNokia5110.h:36:6: note: previous declaration of 'LCDNokia_sendString' was here
 void LCDNokia_sendString(uint8*);
      ^
../source/LCDFunctions.c:35:8: warning: unused variable 'velocidad' [-Wunused-variable]
  uint8 velocidad[]="Velocidad"; /*! String to be printed in the LCD*/
        ^
../source/LCDFunctions.c: In function 'convierteAFahrenheit':
../source/LCDFunctions.c:566:9: warning: unused variable 'punto' [-Wunused-variable]
   uint8 punto = 0x2E;
         ^
../source/LCDFunctions.c:565:9: warning: unused variable 'fahrenheit' [-Wunused-variable]
   uint8 fahrenheit[] = "'F";
         ^
../source/LCDFunctions.c:472:8: warning: unused variable 'counter' [-Wunused-variable]
  float counter;
        ^
make: *** [source/LCDFunctions.o] Error 1
make: *** Waiting for unfinished jobs....
Finished building: ../source/GlobalFunctions.c
 
Finished building: ../source/GPIO.c
 
12:34:08 **** Incremental Build of configuration Debug for project practica2 ****
make -r -j3 all 
Building file: ../source/LCDFunctions.c
Building file: ../source/NVIC.c
Building file: ../source/LCDNokia5110.c
Invoking: MCU C Compiler
Invoking: MCU C Compiler
Invoking: MCU C Compiler
arm-none-eabi-gcc -DCR_INTEGER_PRINTF -DSDK_DEBUGCONSOLE=0 -D__MCUXPRESSO -D__USE_CMSIS -DDEBUG -DSDK_OS_BAREMETAL -DFSL_RTOS_BM -DCPU_MK64FN1M0VLL12 -DCPU_MK64FN1M0VLL12_cm4 -D__REDLIB__ -I"/Sistemas_Embebidos/Practica2/practica2/source" -I"/Sistemas_Embebidos/Practica2/practica2" -I"/Sistemas_Embebidos/Practica2/practica2/startup" -I"/Sistemas_Embebidos/Practica2/practica2/CMSIS" -I/Users/Roberto/mcuxpresso/SDKPackages/SDK_2/CMSIS/Include -I/Users/Roberto/mcuxpresso/SDKPackages/SDK_2/CMSIS -I/Users/Roberto/mcuxpresso/SDKPackages/SDK_2/devices/MK64F12 -I/Users/Roberto/mcuxpresso/SDKPackages/SDK_2/devices -O0 -fno-common -g3 -Wall -c -fmessage-length=0 -fno-builtin -ffunction-sections -fdata-sections -mcpu=cortex-m4 -mfpu=fpv4-sp-d16 -mfloat-abi=hard -mthumb -D__REDLIB__ -specs=redlib.specs -MMD -MP -MF"source/LCDNokia5110.d" -MT"source/LCDNokia5110.o" -MT"source/LCDNokia5110.d" -o "source/LCDNokia5110.o" "../source/LCDNokia5110.c"
arm-none-eabi-gcc -DCR_INTEGER_PRINTF -DSDK_DEBUGCONSOLE=0 -D__MCUXPRESSO -D__USE_CMSIS -DDEBUG -DSDK_OS_BAREMETAL -DFSL_RTOS_BM -DCPU_MK64FN1M0VLL12 -DCPU_MK64FN1M0VLL12_cm4 -D__REDLIB__ -I"/Sistemas_Embebidos/Practica2/practica2/source" -I"/Sistemas_Embebidos/Practica2/practica2" -I"/Sistemas_Embebidos/Practica2/practica2/startup" -I"/Sistemas_Embebidos/Practica2/practica2/CMSIS" -I/Users/Roberto/mcuxpresso/SDKPackages/SDK_2/CMSIS/Include -I/Users/Roberto/mcuxpresso/SDKPackages/SDK_2/CMSIS -I/Users/Roberto/mcuxpresso/SDKPackages/SDK_2/devices/MK64F12 -I/Users/Roberto/mcuxpresso/SDKPackages/SDK_2/devices -O0 -fno-common -g3 -Wall -c -fmessage-length=0 -fno-builtin -ffunction-sections -fdata-sections -mcpu=cortex-m4 -mfpu=fpv4-sp-d16 -mfloat-abi=hard -mthumb -D__REDLIB__ -specs=redlib.specs -MMD -MP -MF"source/LCDFunctions.d" -MT"source/LCDFunctions.o" -MT"source/LCDFunctions.d" -o "source/LCDFunctions.o" "../source/LCDFunctions.c"
arm-none-eabi-gcc -DCR_INTEGER_PRINTF -DSDK_DEBUGCONSOLE=0 -D__MCUXPRESSO -D__USE_CMSIS -DDEBUG -DSDK_OS_BAREMETAL -DFSL_RTOS_BM -DCPU_MK64FN1M0VLL12 -DCPU_MK64FN1M0VLL12_cm4 -D__REDLIB__ -I"/Sistemas_Embebidos/Practica2/practica2/source" -I"/Sistemas_Embebidos/Practica2/practica2" -I"/Sistemas_Embebidos/Practica2/practica2/startup" -I"/Sistemas_Embebidos/Practica2/practica2/CMSIS" -I/Users/Roberto/mcuxpresso/SDKPackages/SDK_2/CMSIS/Include -I/Users/Roberto/mcuxpresso/SDKPackages/SDK_2/CMSIS -I/Users/Roberto/mcuxpresso/SDKPackages/SDK_2/devices/MK64F12 -I/Users/Roberto/mcuxpresso/SDKPackages/SDK_2/devices -O0 -fno-common -g3 -Wall -c -fmessage-length=0 -fno-builtin -ffunction-sections -fdata-sections -mcpu=cortex-m4 -mfpu=fpv4-sp-d16 -mfloat-abi=hard -mthumb -D__REDLIB__ -specs=redlib.specs -MMD -MP -MF"source/NVIC.d" -MT"source/NVIC.o" -MT"source/NVIC.d" -o "source/NVIC.o" "../source/NVIC.c"
In file included from ../source/LCDNokia5110.c:9:0:
../source/SPI.h:111:13: warning: 'SPI_enable' declared 'static' but never defined [-Wunused-function]
 static void SPI_enable(SPI_ChannelType);
             ^
../source/SPI.h:113:13: warning: 'SPI_clk' declared 'static' but never defined [-Wunused-function]
 static void SPI_clk(SPI_ChannelType);
             ^
../source/SPI.h:115:13: warning: 'SPI_setMaster' declared 'static' but never defined [-Wunused-function]
 static void SPI_setMaster(SPI_ChannelType channel, SPI_MasterType masterOrSlave);
             ^
../source/SPI.h:117:13: warning: 'SPI_fIFO' declared 'static' but never defined [-Wunused-function]
 static void SPI_fIFO(SPI_ChannelType channel, SPI_EnableFIFOType enableOrDisable);
             ^
../source/SPI.h:119:13: warning: 'SPI_clockPolarity' declared 'static' but never defined [-Wunused-function]
 static void SPI_clockPolarity(SPI_ChannelType channel, SPI_PolarityType cpol);
             ^
../source/SPI.h:121:13: warning: 'SPI_frameSize' declared 'static' but never defined [-Wunused-function]
 static void SPI_frameSize(SPI_ChannelType channel, uint32 frameSize);
             ^
../source/SPI.h:123:13: warning: 'SPI_clockPhase' declared 'static' but never defined [-Wunused-function]
 static void SPI_clockPhase(SPI_ChannelType channel, SPI_PhaseType cpha);
             ^
../source/SPI.h:125:13: warning: 'SPI_baudRate' declared 'static' but never defined [-Wunused-function]
 static void SPI_baudRate(SPI_ChannelType channel, uint32 baudRate);
             ^
../source/SPI.h:127:13: warning: 'SPI_mSBFirst' declared 'static' but never defined [-Wunused-function]
 static void SPI_mSBFirst(SPI_ChannelType channel, SPI_LSMorMSBType msb);
             ^
../source/LCDFunctions.c: In function 'convierteAFahrenheit':
../source/LCDFunctions.c:566:9: warning: unused variable 'punto' [-Wunused-variable]
   uint8 punto = 0x2E;
         ^
../source/LCDFunctions.c:565:9: warning: unused variable 'fahrenheit' [-Wunused-variable]
   uint8 fahrenheit[] = "'F";
         ^
../source/LCDFunctions.c:472:8: warning: unused variable 'counter' [-Wunused-variable]
  float counter;
        ^
Finished building: ../source/NVIC.c
 
Building file: ../source/SPI.c
Finished building: ../source/LCDNokia5110.c
Invoking: MCU C Compiler
arm-none-eabi-gcc -DCR_INTEGER_PRINTF -DSDK_DEBUGCONSOLE=0 -D__MCUXPRESSO -D__USE_CMSIS -DDEBUG -DSDK_OS_BAREMETAL -DFSL_RTOS_BM -DCPU_MK64FN1M0VLL12 -DCPU_MK64FN1M0VLL12_cm4 -D__REDLIB__ -I"/Sistemas_Embebidos/Practica2/practica2/source" -I"/Sistemas_Embebidos/Practica2/practica2" -I"/Sistemas_Embebidos/Practica2/practica2/startup" -I"/Sistemas_Embebidos/Practica2/practica2/CMSIS" -I/Users/Roberto/mcuxpresso/SDKPackages/SDK_2/CMSIS/Include -I/Users/Roberto/mcuxpresso/SDKPackages/SDK_2/CMSIS -I/Users/Roberto/mcuxpresso/SDKPackages/SDK_2/devices/MK64F12 -I/Users/Roberto/mcuxpresso/SDKPackages/SDK_2/devices -O0 -fno-common -g3 -Wall -c -fmessage-length=0 -fno-builtin -ffunction-sections -fdata-sections -mcpu=cortex-m4 -mfpu=fpv4-sp-d16 -mfloat-abi=hard -mthumb -D__REDLIB__ -specs=redlib.specs -MMD -MP -MF"source/SPI.d" -MT"source/SPI.o" -MT"source/SPI.d" -o "source/SPI.o" "../source/SPI.c"
 
Building file: ../source/flextimer.c
Invoking: MCU C Compiler
arm-none-eabi-gcc -DCR_INTEGER_PRINTF -DSDK_DEBUGCONSOLE=0 -D__MCUXPRESSO -D__USE_CMSIS -DDEBUG -DSDK_OS_BAREMETAL -DFSL_RTOS_BM -DCPU_MK64FN1M0VLL12 -DCPU_MK64FN1M0VLL12_cm4 -D__REDLIB__ -I"/Sistemas_Embebidos/Practica2/practica2/source" -I"/Sistemas_Embebidos/Practica2/practica2" -I"/Sistemas_Embebidos/Practica2/practica2/startup" -I"/Sistemas_Embebidos/Practica2/practica2/CMSIS" -I/Users/Roberto/mcuxpresso/SDKPackages/SDK_2/CMSIS/Include -I/Users/Roberto/mcuxpresso/SDKPackages/SDK_2/CMSIS -I/Users/Roberto/mcuxpresso/SDKPackages/SDK_2/devices/MK64F12 -I/Users/Roberto/mcuxpresso/SDKPackages/SDK_2/devices -O0 -fno-common -g3 -Wall -c -fmessage-length=0 -fno-builtin -ffunction-sections -fdata-sections -mcpu=cortex-m4 -mfpu=fpv4-sp-d16 -mfloat-abi=hard -mthumb -D__REDLIB__ -specs=redlib.specs -MMD -MP -MF"source/flextimer.d" -MT"source/flextimer.o" -MT"source/flextimer.d" -o "source/flextimer.o" "../source/flextimer.c"
Finished building: ../source/LCDFunctions.c
 
Building file: ../source/main.c
Invoking: MCU C Compiler
arm-none-eabi-gcc -DCR_INTEGER_PRINTF -DSDK_DEBUGCONSOLE=0 -D__MCUXPRESSO -D__USE_CMSIS -DDEBUG -DSDK_OS_BAREMETAL -DFSL_RTOS_BM -DCPU_MK64FN1M0VLL12 -DCPU_MK64FN1M0VLL12_cm4 -D__REDLIB__ -I"/Sistemas_Embebidos/Practica2/practica2/source" -I"/Sistemas_Embebidos/Practica2/practica2" -I"/Sistemas_Embebidos/Practica2/practica2/startup" -I"/Sistemas_Embebidos/Practica2/practica2/CMSIS" -I/Users/Roberto/mcuxpresso/SDKPackages/SDK_2/CMSIS/Include -I/Users/Roberto/mcuxpresso/SDKPackages/SDK_2/CMSIS -I/Users/Roberto/mcuxpresso/SDKPackages/SDK_2/devices/MK64F12 -I/Users/Roberto/mcuxpresso/SDKPackages/SDK_2/devices -O0 -fno-common -g3 -Wall -c -fmessage-length=0 -fno-builtin -ffunction-sections -fdata-sections -mcpu=cortex-m4 -mfpu=fpv4-sp-d16 -mfloat-abi=hard -mthumb -D__REDLIB__ -specs=redlib.specs -MMD -MP -MF"source/main.d" -MT"source/main.o" -MT"source/main.d" -o "source/main.o" "../source/main.c"
In file included from ../source/main.c:18:0:
../source/SPI.h:111:13: warning: 'SPI_enable' declared 'static' but never defined [-Wunused-function]
 static void SPI_enable(SPI_ChannelType);
             ^
../source/SPI.h:113:13: warning: 'SPI_clk' declared 'static' but never defined [-Wunused-function]
 static void SPI_clk(SPI_ChannelType);
             ^
../source/SPI.h:115:13: warning: 'SPI_setMaster' declared 'static' but never defined [-Wunused-function]
 static void SPI_setMaster(SPI_ChannelType channel, SPI_MasterType masterOrSlave);
             ^
../source/SPI.h:117:13: warning: 'SPI_fIFO' declared 'static' but never defined [-Wunused-function]
 static void SPI_fIFO(SPI_ChannelType channel, SPI_EnableFIFOType enableOrDisable);
             ^
../source/SPI.h:119:13: warning: 'SPI_clockPolarity' declared 'static' but never defined [-Wunused-function]
 static void SPI_clockPolarity(SPI_ChannelType channel, SPI_PolarityType cpol);
             ^
../source/SPI.h:121:13: warning: 'SPI_frameSize' declared 'static' but never defined [-Wunused-function]
 static void SPI_frameSize(SPI_ChannelType channel, uint32 frameSize);
             ^
../source/SPI.h:123:13: warning: 'SPI_clockPhase' declared 'static' but never defined [-Wunused-function]
 static void SPI_clockPhase(SPI_ChannelType channel, SPI_PhaseType cpha);
             ^
../source/SPI.h:125:13: warning: 'SPI_baudRate' declared 'static' but never defined [-Wunused-function]
 static void SPI_baudRate(SPI_ChannelType channel, uint32 baudRate);
             ^
../source/SPI.h:127:13: warning: 'SPI_mSBFirst' declared 'static' but never defined [-Wunused-function]
 static void SPI_mSBFirst(SPI_ChannelType channel, SPI_LSMorMSBType msb);
             ^
Finished building: ../source/main.c
 
Building file: ../source/motor2.c
Invoking: MCU C Compiler
arm-none-eabi-gcc -DCR_INTEGER_PRINTF -DSDK_DEBUGCONSOLE=0 -D__MCUXPRESSO -D__USE_CMSIS -DDEBUG -DSDK_OS_BAREMETAL -DFSL_RTOS_BM -DCPU_MK64FN1M0VLL12 -DCPU_MK64FN1M0VLL12_cm4 -D__REDLIB__ -I"/Sistemas_Embebidos/Practica2/practica2/source" -I"/Sistemas_Embebidos/Practica2/practica2" -I"/Sistemas_Embebidos/Practica2/practica2/startup" -I"/Sistemas_Embebidos/Practica2/practica2/CMSIS" -I/Users/Roberto/mcuxpresso/SDKPackages/SDK_2/CMSIS/Include -I/Users/Roberto/mcuxpresso/SDKPackages/SDK_2/CMSIS -I/Users/Roberto/mcuxpresso/SDKPackages/SDK_2/devices/MK64F12 -I/Users/Roberto/mcuxpresso/SDKPackages/SDK_2/devices -O0 -fno-common -g3 -Wall -c -fmessage-length=0 -fno-builtin -ffunction-sections -fdata-sections -mcpu=cortex-m4 -mfpu=fpv4-sp-d16 -mfloat-abi=hard -mthumb -D__REDLIB__ -specs=redlib.specs -MMD -MP -MF"source/motor2.d" -MT"source/motor2.o" -MT"source/motor2.d" -o "source/motor2.o" "../source/motor2.c"
Finished building: ../source/SPI.c
 
Building file: ../source/pwm.c
Invoking: MCU C Compiler
arm-none-eabi-gcc -DCR_INTEGER_PRINTF -DSDK_DEBUGCONSOLE=0 -D__MCUXPRESSO -D__USE_CMSIS -DDEBUG -DSDK_OS_BAREMETAL -DFSL_RTOS_BM -DCPU_MK64FN1M0VLL12 -DCPU_MK64FN1M0VLL12_cm4 -D__REDLIB__ -I"/Sistemas_Embebidos/Practica2/practica2/source" -I"/Sistemas_Embebidos/Practica2/practica2" -I"/Sistemas_Embebidos/Practica2/practica2/startup" -I"/Sistemas_Embebidos/Practica2/practica2/CMSIS" -I/Users/Roberto/mcuxpresso/SDKPackages/SDK_2/CMSIS/Include -I/Users/Roberto/mcuxpresso/SDKPackages/SDK_2/CMSIS -I/Users/Roberto/mcuxpresso/SDKPackages/SDK_2/devices/MK64F12 -I/Users/Roberto/mcuxpresso/SDKPackages/SDK_2/devices -O0 -fno-common -g3 -Wall -c -fmessage-length=0 -fno-builtin -ffunction-sections -fdata-sections -mcpu=cortex-m4 -mfpu=fpv4-sp-d16 -mfloat-abi=hard -mthumb -D__REDLIB__ -specs=redlib.specs -MMD -MP -MF"source/pwm.d" -MT"source/pwm.o" -MT"source/pwm.d" -o "source/pwm.o" "../source/pwm.c"
Finished building: ../source/flextimer.c
 
Finished building: ../source/motor2.c
 
Finished building: ../source/pwm.c
 
Building target: practica2.axf
Invoking: MCU Linker
arm-none-eabi-gcc -nostdlib -Xlinker -Map="practica2.map" -Xlinker --gc-sections -Xlinker -print-memory-usage -mcpu=cortex-m4 -mfpu=fpv4-sp-d16 -mfloat-abi=hard -mthumb -T practica2_Debug.ld -o "practica2.axf"  ./startup/startup_mk64f12.o  ./source/GPIO.o ./source/GlobalFunctions.o ./source/LCDFunctions.o ./source/LCDNokia5110.o ./source/NVIC.o ./source/SPI.o ./source/flextimer.o ./source/main.o ./source/motor2.o ./source/pwm.o  ./CMSIS/system_MK64F12.o   
Memory region         Used Size  Region Size  %age Used
   PROGRAM_FLASH:       14680 B         1 MB      1.40%
./source/motor2.o: In function `main':
/Sistemas_Embebidos/Practica2/practica2/Debug/../source/motor2.c:52: multiple definition of `main'
      SRAM_UPPER:        8412 B       192 KB      4.28%
./source/main.o:/Sistemas_Embebidos/Practica2/practica2/Debug/../source/main.c:53: first defined here
      SRAM_LOWER:          0 GB        64 KB      0.00%
collect2: error: ld returned 1 exit status
make: *** [practica2.axf] Error 1
        FLEX_RAM:          0 GB         4 KB      0.00%
12:34:24 **** Incremental Build of configuration Debug for project practica2 ****
make -r -j3 all 
Building file: ../source/motor2.c
Invoking: MCU C Compiler
arm-none-eabi-gcc -DCR_INTEGER_PRINTF -DSDK_DEBUGCONSOLE=0 -D__MCUXPRESSO -D__USE_CMSIS -DDEBUG -DSDK_OS_BAREMETAL -DFSL_RTOS_BM -DCPU_MK64FN1M0VLL12 -DCPU_MK64FN1M0VLL12_cm4 -D__REDLIB__ -I"/Sistemas_Embebidos/Practica2/practica2/source" -I"/Sistemas_Embebidos/Practica2/practica2" -I"/Sistemas_Embebidos/Practica2/practica2/startup" -I"/Sistemas_Embebidos/Practica2/practica2/CMSIS" -I/Users/Roberto/mcuxpresso/SDKPackages/SDK_2/CMSIS/Include -I/Users/Roberto/mcuxpresso/SDKPackages/SDK_2/CMSIS -I/Users/Roberto/mcuxpresso/SDKPackages/SDK_2/devices/MK64F12 -I/Users/Roberto/mcuxpresso/SDKPackages/SDK_2/devices -O0 -fno-common -g3 -Wall -c -fmessage-length=0 -fno-builtin -ffunction-sections -fdata-sections -mcpu=cortex-m4 -mfpu=fpv4-sp-d16 -mfloat-abi=hard -mthumb -D__REDLIB__ -specs=redlib.specs -MMD -MP -MF"source/motor2.d" -MT"source/motor2.o" -MT"source/motor2.d" -o "source/motor2.o" "../source/motor2.c"
Finished building: ../source/motor2.c
 
Building target: practica2.axf
Invoking: MCU Linker
arm-none-eabi-gcc -nostdlib -Xlinker -Map="practica2.map" -Xlinker --gc-sections -Xlinker -print-memory-usage -mcpu=cortex-m4 -mfpu=fpv4-sp-d16 -mfloat-abi=hard -mthumb -T practica2_Debug.ld -o "practica2.axf"  ./startup/startup_mk64f12.o  ./source/GPIO.o ./source/GlobalFunctions.o ./source/LCDFunctions.o ./source/LCDNokia5110.o ./source/NVIC.o ./source/SPI.o ./source/flextimer.o ./source/main.o ./source/motor2.o ./source/pwm.o  ./CMSIS/system_MK64F12.o   
Memory region         Used Size  Region Size  %age Used
   PROGRAM_FLASH:       14680 B         1 MB      1.40%
      SRAM_UPPER:        8412 B       192 KB      4.28%
      SRAM_LOWER:          0 GB        64 KB      0.00%
        FLEX_RAM:          0 GB         4 KB      0.00%
Finished building target: practica2.axf
 
make --no-print-directory post-build
Performing post-build steps
arm-none-eabi-size "practica2.axf"; # arm-none-eabi-objcopy -v -O binary "practica2.axf" "practica2.bin" ; # checksum -p MK64FN1M0xxx12 -d "practica2.bin";
   text	   data	    bss	    dec	    hex	filename
  14672	      8	   8404	  23084	   5a2c	practica2.axf
 
12:35:01 **** Incremental Build of configuration Debug for project practica2 ****
make -r -j3 all 
make: Nothing to be done for `all'.
